Component: ARM Compiler 5.06 update 3 (build 300) Tool: armlink [4d35c9]

==============================================================================

Section Cross References

    stm32f4xx_nucleo.o(i.ADCx_Init) refers to stm32f4xx_hal_adc.o(i.HAL_ADC_GetState) for HAL_ADC_GetState
    stm32f4xx_nucleo.o(i.ADCx_Init) refers to stm32f4xx_hal_gpio.o(i.HAL_GPIO_Init) for HAL_GPIO_Init
    stm32f4xx_nucleo.o(i.ADCx_Init) refers to stm32f4xx_hal_adc.o(i.HAL_ADC_Init) for HAL_ADC_Init
    stm32f4xx_nucleo.o(i.ADCx_Init) refers to stm32f4xx_nucleo.o(.bss) for .bss
    stm32f4xx_nucleo.o(i.BSP_JOY_DeInit) refers to stm32f4xx_hal_adc.o(i.HAL_ADC_DeInit) for HAL_ADC_DeInit
    stm32f4xx_nucleo.o(i.BSP_JOY_DeInit) refers to stm32f4xx_hal_gpio.o(i.HAL_GPIO_DeInit) for HAL_GPIO_DeInit
    stm32f4xx_nucleo.o(i.BSP_JOY_DeInit) refers to stm32f4xx_nucleo.o(.bss) for .bss
    stm32f4xx_nucleo.o(i.BSP_JOY_GetState) refers to stm32f4xx_hal_adc.o(i.HAL_ADC_Start) for HAL_ADC_Start
    stm32f4xx_nucleo.o(i.BSP_JOY_GetState) refers to stm32f4xx_hal_adc.o(i.HAL_ADC_PollForConversion) for HAL_ADC_PollForConversion
    stm32f4xx_nucleo.o(i.BSP_JOY_GetState) refers to stm32f4xx_hal_adc.o(i.HAL_ADC_GetState) for HAL_ADC_GetState
    stm32f4xx_nucleo.o(i.BSP_JOY_GetState) refers to stm32f4xx_hal_adc.o(i.HAL_ADC_GetValue) for HAL_ADC_GetValue
    stm32f4xx_nucleo.o(i.BSP_JOY_GetState) refers to stm32f4xx_nucleo.o(.bss) for .bss
    stm32f4xx_nucleo.o(i.BSP_JOY_Init) refers to stm32f4xx_nucleo.o(i.ADCx_Init) for ADCx_Init
    stm32f4xx_nucleo.o(i.BSP_JOY_Init) refers to stm32f4xx_hal_adc.o(i.HAL_ADC_ConfigChannel) for HAL_ADC_ConfigChannel
    stm32f4xx_nucleo.o(i.BSP_JOY_Init) refers to stm32f4xx_nucleo.o(.bss) for .bss
    stm32f4xx_nucleo.o(i.BSP_LED_DeInit) refers to stm32f4xx_hal_gpio.o(i.HAL_GPIO_WritePin) for HAL_GPIO_WritePin
    stm32f4xx_nucleo.o(i.BSP_LED_DeInit) refers to stm32f4xx_hal_gpio.o(i.HAL_GPIO_DeInit) for HAL_GPIO_DeInit
    stm32f4xx_nucleo.o(i.BSP_LED_DeInit) refers to stm32f4xx_nucleo.o(.constdata) for .constdata
    stm32f4xx_nucleo.o(i.BSP_LED_DeInit) refers to stm32f4xx_nucleo.o(.data) for .data
    stm32f4xx_nucleo.o(i.BSP_LED_Init) refers to stm32f4xx_hal_gpio.o(i.HAL_GPIO_Init) for HAL_GPIO_Init
    stm32f4xx_nucleo.o(i.BSP_LED_Init) refers to stm32f4xx_hal_gpio.o(i.HAL_GPIO_WritePin) for HAL_GPIO_WritePin
    stm32f4xx_nucleo.o(i.BSP_LED_Init) refers to stm32f4xx_nucleo.o(.constdata) for .constdata
    stm32f4xx_nucleo.o(i.BSP_LED_Init) refers to stm32f4xx_nucleo.o(.data) for .data
    stm32f4xx_nucleo.o(i.BSP_LED_Off) refers to stm32f4xx_hal_gpio.o(i.HAL_GPIO_WritePin) for HAL_GPIO_WritePin
    stm32f4xx_nucleo.o(i.BSP_LED_Off) refers to stm32f4xx_nucleo.o(.constdata) for .constdata
    stm32f4xx_nucleo.o(i.BSP_LED_Off) refers to stm32f4xx_nucleo.o(.data) for .data
    stm32f4xx_nucleo.o(i.BSP_LED_On) refers to stm32f4xx_hal_gpio.o(i.HAL_GPIO_WritePin) for HAL_GPIO_WritePin
    stm32f4xx_nucleo.o(i.BSP_LED_On) refers to stm32f4xx_nucleo.o(.constdata) for .constdata
    stm32f4xx_nucleo.o(i.BSP_LED_On) refers to stm32f4xx_nucleo.o(.data) for .data
    stm32f4xx_nucleo.o(i.BSP_LED_Toggle) refers to stm32f4xx_hal_gpio.o(i.HAL_GPIO_TogglePin) for HAL_GPIO_TogglePin
    stm32f4xx_nucleo.o(i.BSP_LED_Toggle) refers to stm32f4xx_nucleo.o(.constdata) for .constdata
    stm32f4xx_nucleo.o(i.BSP_LED_Toggle) refers to stm32f4xx_nucleo.o(.data) for .data
    stm32f4xx_nucleo.o(i.BSP_PB_DeInit) refers to stm32f4xx_hal_cortex.o(i.HAL_NVIC_DisableIRQ) for HAL_NVIC_DisableIRQ
    stm32f4xx_nucleo.o(i.BSP_PB_DeInit) refers to stm32f4xx_hal_gpio.o(i.HAL_GPIO_DeInit) for HAL_GPIO_DeInit
    stm32f4xx_nucleo.o(i.BSP_PB_DeInit) refers to stm32f4xx_nucleo.o(.constdata) for .constdata
    stm32f4xx_nucleo.o(i.BSP_PB_DeInit) refers to stm32f4xx_nucleo.o(.data) for .data
    stm32f4xx_nucleo.o(i.BSP_PB_GetState) refers to stm32f4xx_hal_gpio.o(i.HAL_GPIO_ReadPin) for HAL_GPIO_ReadPin
    stm32f4xx_nucleo.o(i.BSP_PB_GetState) refers to stm32f4xx_nucleo.o(.constdata) for .constdata
    stm32f4xx_nucleo.o(i.BSP_PB_GetState) refers to stm32f4xx_nucleo.o(.data) for .data
    stm32f4xx_nucleo.o(i.BSP_PB_Init) refers to stm32f4xx_hal_gpio.o(i.HAL_GPIO_Init) for HAL_GPIO_Init
    stm32f4xx_nucleo.o(i.BSP_PB_Init) refers to stm32f4xx_hal_cortex.o(i.HAL_NVIC_SetPriority) for HAL_NVIC_SetPriority
    stm32f4xx_nucleo.o(i.BSP_PB_Init) refers to stm32f4xx_hal_cortex.o(i.HAL_NVIC_EnableIRQ) for HAL_NVIC_EnableIRQ
    stm32f4xx_nucleo.o(i.BSP_PB_Init) refers to stm32f4xx_nucleo.o(.constdata) for .constdata
    stm32f4xx_nucleo.o(i.BSP_PB_Init) refers to stm32f4xx_nucleo.o(.data) for .data
    stm32f4xx_nucleo.o(i.LCD_Delay) refers to stm32f4xx_hal.o(i.HAL_Delay) for HAL_Delay
    stm32f4xx_nucleo.o(i.LCD_IO_Init) refers to stm32f4xx_hal_gpio.o(i.HAL_GPIO_Init) for HAL_GPIO_Init
    stm32f4xx_nucleo.o(i.LCD_IO_Init) refers to stm32f4xx_hal_gpio.o(i.HAL_GPIO_WritePin) for HAL_GPIO_WritePin
[...]
    Removing stm32f4xx_hal_cortex.o(.revsh_text), (4 bytes).
    Removing stm32f4xx_hal_cortex.o(.rrx_text), (6 bytes).
    Removing stm32f4xx_hal_cortex.o(i.HAL_MPU_ConfigRegion), (84 bytes).
    Removing stm32f4xx_hal_cortex.o(i.HAL_MPU_Disable), (28 bytes).
    Removing stm32f4xx_hal_cortex.o(i.HAL_MPU_Enable), (36 bytes).
    Removing stm32f4xx_hal_cortex.o(i.HAL_NVIC_ClearPendingIRQ), (22 bytes).
    Removing stm32f4xx_hal_cortex.o(i.HAL_NVIC_DisableIRQ), (22 bytes).
    Removing stm32f4xx_hal_cortex.o(i.HAL_NVIC_EnableIRQ), (22 bytes).
    Removing stm32f4xx_hal_cortex.o(i.HAL_NVIC_GetActive), (32 bytes).
    Removing stm32f4xx_hal_cortex.o(i.HAL_NVIC_GetPendingIRQ), (32 bytes).
    Removing stm32f4xx_hal_cortex.o(i.HAL_NVIC_GetPriority), (82 bytes).
    Removing stm32f4xx_hal_cortex.o(i.HAL_NVIC_GetPriorityGrouping), (16 bytes).
    Removing stm32f4xx_hal_cortex.o(i.HAL_NVIC_SetPendingIRQ), (22 bytes).
    Removing stm32f4xx_hal_cortex.o(i.HAL_NVIC_SystemReset), (36 bytes).
    Removing stm32f4xx_hal_cortex.o(i.HAL_SYSTICK_CLKSourceConfig), (24 bytes).
    Removing stm32f4xx_hal_cortex.o(i.HAL_SYSTICK_Callback), (2 bytes).
    Removing stm32f4xx_hal_cortex.o(i.HAL_SYSTICK_IRQHandler), (8 bytes).
    Removing stm32f4xx_hal_dma.o(.rev16_text), (4 bytes).
    Removing stm32f4xx_hal_dma.o(.revsh_text), (4 bytes).
    Removing stm32f4xx_hal_dma.o(.rrx_text), (6 bytes).
    Removing stm32f4xx_hal_dma.o(i.DMA_CalcBaseAndBitshift), (40 bytes).
    Removing stm32f4xx_hal_dma.o(i.DMA_CheckFifoParam), (84 bytes).
    Removing stm32f4xx_hal_dma.o(i.DMA_SetConfig), (40 bytes).
    Removing stm32f4xx_hal_dma.o(i.HAL_DMA_Abort), (142 bytes).
    Removing stm32f4xx_hal_dma.o(i.HAL_DMA_Abort_IT), (36 bytes).
    Removing stm32f4xx_hal_dma.o(i.HAL_DMA_DeInit), (86 bytes).
    Removing stm32f4xx_hal_dma.o(i.HAL_DMA_GetError), (4 bytes).
    Removing stm32f4xx_hal_dma.o(i.HAL_DMA_GetState), (6 bytes).
    Removing stm32f4xx_hal_dma.o(i.HAL_DMA_IRQHandler), (424 bytes).
    Removing stm32f4xx_hal_dma.o(i.HAL_DMA_Init), (212 bytes).
    Removing stm32f4xx_hal_dma.o(i.HAL_DMA_PollForTransfer), (300 bytes).
    Removing stm32f4xx_hal_dma.o(i.HAL_DMA_RegisterCallback), (80 bytes).
    Removing stm32f4xx_hal_dma.o(i.HAL_DMA_Start), (70 bytes).
    Removing stm32f4xx_hal_dma.o(i.HAL_DMA_Start_IT), (120 bytes).
    Removing stm32f4xx_hal_dma.o(i.HAL_DMA_UnRegisterCallback), (96 bytes).
    Removing stm32f4xx_hal_dma.o(.constdata), (8 bytes).
    Removing stm32f4xx_hal_flash.o(.rev16_text), (4 bytes).
    Removing stm32f4xx_hal_flash.o(.revsh_text), (4 bytes).
    Removing stm32f4xx_hal_flash.o(.rrx_text), (6 bytes).
    Removing stm32f4xx_hal_flash.o(i.FLASH_Program_Byte), (32 bytes).
    Removing stm32f4xx_hal_flash.o(i.FLASH_Program_DoubleWord), (40 bytes).
    Removing stm32f4xx_hal_flash.o(i.FLASH_Program_HalfWord), (36 bytes).
    Removing stm32f4xx_hal_flash.o(i.FLASH_Program_Word), (36 bytes).
    Removing stm32f4xx_hal_flash.o(i.FLASH_SetErrorCode), (124 bytes).
    Removing stm32f4xx_hal_flash.o(i.FLASH_WaitForLastOperation), (80 bytes).
    Removing stm32f4xx_hal_flash.o(i.HAL_FLASH_EndOfOperationCallback), (2 bytes).
    Removing stm32f4xx_hal_flash.o(i.HAL_FLASH_GetError), (12 bytes).
    Removing stm32f4xx_hal_flash.o(i.HAL_FLASH_IRQHandler), (204 bytes).
    Removing stm32f4xx_hal_flash.o(i.HAL_FLASH_Lock), (20 bytes).
    Removing stm32f4xx_hal_flash.o(i.HAL_FLASH_OB_Launch), (24 bytes).
    Removing stm32f4xx_hal_flash.o(i.HAL_FLASH_OB_Lock), (20 bytes).
    Removing stm32f4xx_hal_flash.o(i.HAL_FLASH_OB_Unlock), (40 bytes).
    Removing stm32f4xx_hal_flash.o(i.HAL_FLASH_OperationErrorCallback), (2 bytes).
    Removing stm32f4xx_hal_flash.o(i.HAL_FLASH_Program), (124 bytes).
    Removing stm32f4xx_hal_flash.o(i.HAL_FLASH_Program_IT), (108 bytes).
    Removing stm32f4xx_hal_flash.o(i.HAL_FLASH_Unlock), (40 bytes).
    Removing stm32f4xx_hal_flash.o(.bss), (32 bytes).
    Removing stm32f4xx_hal_gpio.o(.rev16_text), (4 bytes).
    Removing stm32f4xx_hal_gpio.o(.revsh_text), (4 bytes).
    Removing stm32f4xx_hal_gpio.o(.rrx_text), (6 bytes).
    Removing stm32f4xx_hal_gpio.o(i.HAL_GPIO_DeInit), (272 bytes).
    Removing stm32f4xx_hal_gpio.o(i.HAL_GPIO_EXTI_Callback), (2 bytes).
    Removing stm32f4xx_hal_gpio.o(i.HAL_GPIO_EXTI_IRQHandler), (24 bytes).
    Removing stm32f4xx_hal_gpio.o(i.HAL_GPIO_LockPin), (34 bytes).
    Removing stm32f4xx_hal_gpio.o(i.HAL_GPIO_ReadPin), (10 bytes).
    Removing stm32f4xx_hal_rcc.o(.rev16_text), (4 bytes).
    Removing stm32f4xx_hal_rcc.o(.revsh_text), (4 bytes).
    Removing stm32f4xx_hal_rcc.o(.rrx_text), (6 bytes).
    Removing stm32f4xx_hal_rcc.o(i.HAL_RCC_CSSCallback), (2 bytes).
    Removing stm32f4xx_hal_rcc.o(i.HAL_RCC_DeInit), (2 bytes).
    Removing stm32f4xx_hal_rcc.o(i.HAL_RCC_DisableCSS), (12 bytes).
    Removing stm32f4xx_hal_rcc.o(i.HAL_RCC_EnableCSS), (12 bytes).
    Removing stm32f4xx_hal_rcc.o(i.HAL_RCC_GetClockConfig), (64 bytes).
    Removing stm32f4xx_hal_rcc.o(i.HAL_RCC_GetHCLKFreq), (12 bytes).
    Removing stm32f4xx_hal_rcc.o(i.HAL_RCC_GetOscConfig), (232 bytes).
    Removing stm32f4xx_hal_rcc.o(i.HAL_RCC_MCOConfig), (140 bytes).
    Removing stm32f4xx_hal_rcc.o(i.HAL_RCC_NMI_IRQHandler), (28 bytes).
    Removing stm32f4xx_hal_spi.o(.rev16_text), (4 bytes).
    Removing stm32f4xx_hal_spi.o(.revsh_text), (4 bytes).
    Removing stm32f4xx_hal_spi.o(.rrx_text), (6 bytes).
    Removing stm32f4xx_hal_spi.o(i.HAL_SPI_Abort), (192 bytes).
    Removing stm32f4xx_hal_spi.o(i.HAL_SPI_AbortCpltCallback), (2 bytes).
    Removing stm32f4xx_hal_spi.o(i.HAL_SPI_Abort_IT), (232 bytes).
    Removing stm32f4xx_hal_spi.o(i.HAL_SPI_DMAPause), (38 bytes).
    Removing stm32f4xx_hal_spi.o(i.HAL_SPI_DMAResume), (38 bytes).
    Removing stm32f4xx_hal_spi.o(i.HAL_SPI_DMAStop), (40 bytes).
    Removing stm32f4xx_hal_spi.o(i.HAL_SPI_DeInit), (46 bytes).
    Removing stm32f4xx_hal_spi.o(i.HAL_SPI_ErrorCallback), (2 bytes).
    Removing stm32f4xx_hal_spi.o(i.HAL_SPI_GetError), (4 bytes).
    Removing stm32f4xx_hal_spi.o(i.HAL_SPI_GetState), (6 bytes).
    Removing stm32f4xx_hal_spi.o(i.HAL_SPI_IRQHandler), (212 bytes).
    Removing stm32f4xx_hal_spi.o(i.HAL_SPI_Init), (140 bytes).
    Removing stm32f4xx_hal_spi.o(i.HAL_SPI_MspDeInit), (2 bytes).
    Removing stm32f4xx_hal_spi.o(i.HAL_SPI_MspInit), (2 bytes).
    Removing stm32f4xx_hal_spi.o(i.HAL_SPI_Receive), (498 bytes).
    Removing stm32f4xx_hal_spi.o(i.HAL_SPI_Receive_DMA), (244 bytes).
    Removing stm32f4xx_hal_spi.o(i.HAL_SPI_Receive_IT), (196 bytes).
    Removing stm32f4xx_hal_spi.o(i.HAL_SPI_RxCpltCallback), (2 bytes).
    Removing stm32f4xx_hal_spi.o(i.HAL_SPI_RxHalfCpltCallback), (2 bytes).
    Removing stm32f4xx_hal_spi.o(i.HAL_SPI_Transmit), (410 bytes).
    Removing stm32f4xx_hal_spi.o(i.HAL_SPI_TransmitReceive), (622 bytes).
    Removing stm32f4xx_hal_spi.o(i.HAL_SPI_TransmitReceive_DMA), (292 bytes).
    Removing stm32f4xx_hal_spi.o(i.HAL_SPI_TransmitReceive_IT), (196 bytes).
    Removing stm32f4xx_hal_spi.o(i.HAL_SPI_Transmit_DMA), (212 bytes).
    Removing stm32f4xx_hal_spi.o(i.HAL_SPI_Transmit_IT), (180 bytes).
    Removing stm32f4xx_hal_spi.o(i.HAL_SPI_TxCpltCallback), (2 bytes).
    Removing stm32f4xx_hal_spi.o(i.HAL_SPI_TxHalfCpltCallback), (2 bytes).
    Removing stm32f4xx_hal_spi.o(i.HAL_SPI_TxRxCpltCallback), (2 bytes).
    Removing stm32f4xx_hal_spi.o(i.HAL_SPI_TxRxHalfCpltCallback), (2 bytes).
    Removing stm32f4xx_hal_spi.o(i.SPI_2linesRxISR_16BIT), (64 bytes).
    Removing stm32f4xx_hal_spi.o(i.SPI_2linesRxISR_16BITCRC), (34 bytes).
    Removing stm32f4xx_hal_spi.o(i.SPI_2linesRxISR_8BIT), (64 bytes).
    Removing stm32f4xx_hal_spi.o(i.SPI_2linesRxISR_8BITCRC), (44 bytes).
    Removing stm32f4xx_hal_spi.o(i.SPI_2linesTxISR_16BIT), (74 bytes).
    Removing stm32f4xx_hal_spi.o(i.SPI_2linesTxISR_8BIT), (72 bytes).
    Removing stm32f4xx_hal_spi.o(i.SPI_AbortRx_ISR), (80 bytes).
    Removing stm32f4xx_hal_spi.o(i.SPI_AbortTx_ISR), (22 bytes).
    Removing stm32f4xx_hal_spi.o(i.SPI_CheckFlag_BSY), (32 bytes).
    Removing stm32f4xx_hal_spi.o(i.SPI_CloseRxTx_ISR), (176 bytes).
    Removing stm32f4xx_hal_spi.o(i.SPI_CloseRx_ISR), (104 bytes).
    Removing stm32f4xx_hal_spi.o(i.SPI_CloseTx_ISR), (124 bytes).
    Removing stm32f4xx_hal_spi.o(i.SPI_DMAAbortOnError), (16 bytes).
    Removing stm32f4xx_hal_spi.o(i.SPI_DMAError), (34 bytes).
    Removing stm32f4xx_hal_spi.o(i.SPI_DMAHalfReceiveCplt), (10 bytes).
    Removing stm32f4xx_hal_spi.o(i.SPI_DMAHalfTransmitCplt), (10 bytes).
    Removing stm32f4xx_hal_spi.o(i.SPI_DMAHalfTransmitReceiveCplt), (10 bytes).
    Removing stm32f4xx_hal_spi.o(i.SPI_DMAReceiveCplt), (160 bytes).
    Removing stm32f4xx_hal_spi.o(i.SPI_DMARxAbortCallback), (70 bytes).
    Removing stm32f4xx_hal_spi.o(i.SPI_DMATransmitCplt), (90 bytes).
    Removing stm32f4xx_hal_spi.o(i.SPI_DMATransmitReceiveCplt), (152 bytes).
    Removing stm32f4xx_hal_spi.o(i.SPI_DMATxAbortCallback), (104 bytes).
    Removing stm32f4xx_hal_spi.o(i.SPI_RxISR_16BIT), (72 bytes).
    Removing stm32f4xx_hal_spi.o(i.SPI_RxISR_16BITCRC), (34 bytes).
    Removing stm32f4xx_hal_spi.o(i.SPI_RxISR_8BIT), (72 bytes).
    Removing stm32f4xx_hal_spi.o(i.SPI_RxISR_8BITCRC), (26 bytes).
    Removing stm32f4xx_hal_spi.o(i.SPI_TxISR_16BIT), (50 bytes).
    Removing stm32f4xx_hal_spi.o(i.SPI_TxISR_8BIT), (48 bytes).
    Removing stm32f4xx_hal_spi.o(i.SPI_WaitFlagStateUntilTimeout), (150 bytes).
    Removing stm32f4xx_hal_uart.o(.rev16_text), (4 bytes).
    Removing stm32f4xx_hal_uart.o(.revsh_text), (4 bytes).
    Removing stm32f4xx_hal_uart.o(.rrx_text), (6 bytes).
    Removing stm32f4xx_hal_uart.o(i.HAL_HalfDuplex_EnableReceiver), (50 bytes).
    Removing stm32f4xx_hal_uart.o(i.HAL_HalfDuplex_EnableTransmitter), (50 bytes).
    Removing stm32f4xx_hal_uart.o(i.HAL_HalfDuplex_Init), (108 bytes).
    Removing stm32f4xx_hal_uart.o(i.HAL_LIN_Init), (128 bytes).
    Removing stm32f4xx_hal_uart.o(i.HAL_LIN_SendBreak), (46 bytes).
    Removing stm32f4xx_hal_uart.o(i.HAL_MultiProcessor_EnterMuteMode), (46 bytes).
    Removing stm32f4xx_hal_uart.o(i.HAL_MultiProcessor_ExitMuteMode), (46 bytes).
    Removing stm32f4xx_hal_uart.o(i.HAL_MultiProcessor_Init), (142 bytes).
    Removing stm32f4xx_hal_uart.o(i.HAL_UART_Abort), (104 bytes).
    Removing stm32f4xx_hal_uart.o(i.HAL_UART_AbortCpltCallback), (2 bytes).
    Removing stm32f4xx_hal_uart.o(i.HAL_UART_AbortReceive), (68 bytes).
    Removing stm32f4xx_hal_uart.o(i.HAL_UART_AbortReceiveCpltCallback), (2 bytes).
    Removing stm32f4xx_hal_uart.o(i.HAL_UART_AbortReceive_IT), (92 bytes).
    Removing stm32f4xx_hal_uart.o(i.HAL_UART_AbortTransmit), (58 bytes).
    Removing stm32f4xx_hal_uart.o(i.HAL_UART_AbortTransmitCpltCallback), (2 bytes).
    Removing stm32f4xx_hal_uart.o(i.HAL_UART_AbortTransmit_IT), (84 bytes).
    Removing stm32f4xx_hal_uart.o(i.HAL_UART_Abort_IT), (172 bytes).
    Removing stm32f4xx_hal_uart.o(i.HAL_UART_DMAPause), (102 bytes).
    Removing stm32f4xx_hal_uart.o(i.HAL_UART_DMAResume), (94 bytes).
    Removing stm32f4xx_hal_uart.o(i.HAL_UART_DMAStop), (88 bytes).
    Removing stm32f4xx_hal_uart.o(i.HAL_UART_DeInit), (40 bytes).
    Removing stm32f4xx_hal_uart.o(i.HAL_UART_ErrorCallback), (2 bytes).
    Removing stm32f4xx_hal_uart.o(i.HAL_UART_GetError), (4 bytes).
    Removing stm32f4xx_hal_uart.o(i.HAL_UART_GetState), (10 bytes).
    Removing stm32f4xx_hal_uart.o(i.HAL_UART_IRQHandler), (272 bytes).
    Removing stm32f4xx_hal_uart.o(i.HAL_UART_MspDeInit), (2 bytes).
    Removing stm32f4xx_hal_uart.o(i.HAL_UART_MspInit), (2 bytes).
    Removing stm32f4xx_hal_uart.o(i.HAL_UART_Receive), (184 bytes).
    Removing stm32f4xx_hal_uart.o(i.HAL_UART_Receive_DMA), (152 bytes).
    Removing stm32f4xx_hal_uart.o(i.HAL_UART_Receive_IT), (72 bytes).
    Removing stm32f4xx_hal_uart.o(i.HAL_UART_RxCpltCallback), (2 bytes).
    Removing stm32f4xx_hal_uart.o(i.HAL_UART_RxHalfCpltCallback), (2 bytes).
    Removing stm32f4xx_hal_uart.o(i.HAL_UART_Transmit_DMA), (128 bytes).
    Removing stm32f4xx_hal_uart.o(i.HAL_UART_Transmit_IT), (62 bytes).
    Removing stm32f4xx_hal_uart.o(i.HAL_UART_TxCpltCallback), (2 bytes).
    Removing stm32f4xx_hal_uart.o(i.HAL_UART_TxHalfCpltCallback), (2 bytes).
    Removing stm32f4xx_hal_uart.o(i.UART_DMAAbortOnError), (16 bytes).
    Removing stm32f4xx_hal_uart.o(i.UART_DMAError), (74 bytes).
    Removing stm32f4xx_hal_uart.o(i.UART_DMAReceiveCplt), (60 bytes).
    Removing stm32f4xx_hal_uart.o(i.UART_DMARxAbortCallback), (42 bytes).
    Removing stm32f4xx_hal_uart.o(i.UART_DMARxHalfCplt), (10 bytes).
    Removing stm32f4xx_hal_uart.o(i.UART_DMARxOnlyAbortCallback), (20 bytes).
    Removing stm32f4xx_hal_uart.o(i.UART_DMATransmitCplt), (46 bytes).
    Removing stm32f4xx_hal_uart.o(i.UART_DMATxAbortCallback), (42 bytes).
    Removing stm32f4xx_hal_uart.o(i.UART_DMATxHalfCplt), (10 bytes).
    Removing stm32f4xx_hal_uart.o(i.UART_DMATxOnlyAbortCallback), (20 bytes).
    Removing stm32f4xx_hal_uart.o(i.UART_EndRxTransfer), (28 bytes).
    Removing stm32f4xx_hal_uart.o(i.UART_EndTxTransfer), (18 bytes).
    Removing stm32f4xx_hal_uart.o(i.UART_Receive_IT), (140 bytes).
    Removing stm32f4xx_hal_uart.o(i.UART_Transmit_IT), (98 bytes).
    Removing stm32f4xx_hal_dma_ex.o(.rev16_text), (4 bytes).
    Removing stm32f4xx_hal_dma_ex.o(.revsh_text), (4 bytes).
    Removing stm32f4xx_hal_dma_ex.o(.rrx_text), (6 bytes).
    Removing stm32f4xx_hal_dma_ex.o(i.DMA_MultiBufferSetConfig), (30 bytes).
    Removing stm32f4xx_hal_dma_ex.o(i.HAL_DMAEx_ChangeMemory), (14 bytes).
    Removing stm32f4xx_hal_dma_ex.o(i.HAL_DMAEx_MultiBufferStart), (100 bytes).
    Removing stm32f4xx_hal_dma_ex.o(i.HAL_DMAEx_MultiBufferStart_IT), (2452 bytes).
    Removing stm32f4xx_hal_flash_ex.o(.rev16_text), (4 bytes).
    Removing stm32f4xx_hal_flash_ex.o(.revsh_text), (4 bytes).
    Removing stm32f4xx_hal_flash_ex.o(.rrx_text), (6 bytes).
    Removing stm32f4xx_hal_flash_ex.o(i.FLASH_Erase_Sector), (88 bytes).
    Removing stm32f4xx_hal_flash_ex.o(i.FLASH_FlushCaches), (84 bytes).
    Removing stm32f4xx_hal_flash_ex.o(i.FLASH_MassErase), (40 bytes).
    Removing stm32f4xx_hal_flash_ex.o(i.HAL_FLASHEx_AdvOBGetConfig), (12 bytes).
    Removing stm32f4xx_hal_flash_ex.o(i.HAL_FLASHEx_AdvOBProgram), (60 bytes).
    Removing stm32f4xx_hal_flash_ex.o(i.HAL_FLASHEx_Erase), (152 bytes).
    Removing stm32f4xx_hal_flash_ex.o(i.HAL_FLASHEx_Erase_IT), (104 bytes).
    Removing stm32f4xx_hal_flash_ex.o(i.HAL_FLASHEx_OBGetConfig), (64 bytes).
    Removing stm32f4xx_hal_flash_ex.o(i.HAL_FLASHEx_OBProgram), (204 bytes).
    Removing stm32f4xx_hal_flash_ex.o(i.HAL_FLASHEx_OB_DeSelectPCROP), (20 bytes).
    Removing stm32f4xx_hal_flash_ex.o(i.HAL_FLASHEx_OB_SelectPCROP), (24 bytes).
    Removing stm32f4xx_hal_adc_ex.o(.rev16_text), (4 bytes).
    Removing stm32f4xx_hal_adc_ex.o(.revsh_text), (4 bytes).
    Removing stm32f4xx_hal_adc_ex.o(.rrx_text), (6 bytes).
    Removing stm32f4xx_hal_adc_ex.o(i.ADC_MultiModeDMAConvCplt), (90 bytes).
    Removing stm32f4xx_hal_adc_ex.o(i.ADC_MultiModeDMAError), (18 bytes).
    Removing stm32f4xx_hal_adc_ex.o(i.ADC_MultiModeDMAHalfConvCplt), (6 bytes).
    Removing stm32f4xx_hal_adc_ex.o(i.HAL_ADCEx_InjectedConfigChannel), (448 bytes).
    Removing stm32f4xx_hal_adc_ex.o(i.HAL_ADCEx_InjectedConvCpltCallback), (2 bytes).
    Removing stm32f4xx_hal_adc_ex.o(i.HAL_ADCEx_InjectedGetValue), (58 bytes).
    Removing stm32f4xx_hal_adc_ex.o(i.HAL_ADCEx_InjectedPollForConversion), (136 bytes).
    Removing stm32f4xx_hal_adc_ex.o(i.HAL_ADCEx_InjectedStart), (196 bytes).
    Removing stm32f4xx_hal_adc_ex.o(i.HAL_ADCEx_InjectedStart_IT), (204 bytes).
    Removing stm32f4xx_hal_adc_ex.o(i.HAL_ADCEx_InjectedStop), (86 bytes).
    Removing stm32f4xx_hal_adc_ex.o(i.HAL_ADCEx_InjectedStop_IT), (94 bytes).
    Removing stm32f4xx_hal_adc_ex.o(i.HAL_ADCEx_MultiModeConfigChannel), (84 bytes).
    Removing stm32f4xx_hal_adc_ex.o(i.HAL_ADCEx_MultiModeGetValue), (12 bytes).
    Removing stm32f4xx_hal_adc_ex.o(i.HAL_ADCEx_MultiModeStart_DMA), (248 bytes).
    Removing stm32f4xx_hal_adc_ex.o(i.HAL_ADCEx_MultiModeStop_DMA), (96 bytes).
    Removing startup_stm32f411xe.o(HEAP), (512 bytes).
    Removing stm32f4xx_it.o(.rev16_text), (4 bytes).
    Removing stm32f4xx_it.o(.revsh_text), (4 bytes).
    Removing stm32f4xx_it.o(.rrx_text), (6 bytes).
    Removing stm32f4xx_hal_msp.o(.rev16_text), (4 bytes).
    Removing stm32f4xx_hal_msp.o(.revsh_text), (4 bytes).
    Removing stm32f4xx_hal_msp.o(.rrx_text), (6 bytes).
    Removing stm32f4xx_hal_msp.o(i.HAL_UART_MspDeInit), (52 bytes).
    Removing main.o(.rev16_text), (4 bytes).
    Removing main.o(.revsh_text), (4 bytes).
    Removing main.o(.rrx_text), (6 bytes).
    Removing system_stm32f4xx.o(.rev16_text), (4 bytes).
    Removing system_stm32f4xx.o(.revsh_text), (4 bytes).
    Removing system_stm32f4xx.o(.rrx_text), (6 bytes).
    Removing system_stm32f4xx.o(i.SystemCoreClockUpdate), (120 bytes).
    Removing event_groups.o(i.prvTestWaitCondition), (20 bytes).
    Removing event_groups.o(i.uxEventGroupGetNumber), (8 bytes).
    Removing event_groups.o(i.vEventGroupClearBitsCallback), (4 bytes).
    Removing event_groups.o(i.vEventGroupDelete), (124 bytes).
    Removing event_groups.o(i.vEventGroupSetBitsCallback), (4 bytes).
    Removing event_groups.o(i.xEventGroupClearBits), (108 bytes).
    Removing event_groups.o(i.xEventGroupCreate), (26 bytes).
    Removing event_groups.o(i.xEventGroupGetBitsFromISR), (26 bytes).
    Removing event_groups.o(i.xEventGroupSetBits), (184 bytes).
    Removing event_groups.o(i.xEventGroupSync), (236 bytes).
    Removing event_groups.o(i.xEventGroupWaitBits), (300 bytes).
    Removing queue.o(i.pcQueueGetName), (40 bytes).
    Removing queue.o(i.ucQueueGetQueueType), (6 bytes).
    Removing queue.o(i.uxQueueGetQueueNumber), (4 bytes).
    Removing queue.o(i.uxQueueMessagesWaiting), (76 bytes).
    Removing queue.o(i.uxQueueMessagesWaitingFromISR), (68 bytes).
    Removing queue.o(i.uxQueueSpacesAvailable), (80 bytes).
    Removing queue.o(i.vQueueDelete), (80 bytes).
    Removing queue.o(i.vQueueSetQueueNumber), (4 bytes).
    Removing queue.o(i.vQueueUnregisterQueue), (40 bytes).
    Removing queue.o(i.xQueueCreateCountingSemaphore), (100 bytes).
    Removing queue.o(i.xQueueCreateMutex), (36 bytes).
    Removing queue.o(i.xQueueGiveFromISR), (188 bytes).
    Removing queue.o(i.xQueueGiveMutexRecursive), (100 bytes).
    Removing queue.o(i.xQueueIsQueueEmptyFromISR), (76 bytes).
    Removing queue.o(i.xQueueIsQueueFullFromISR), (80 bytes).
    Removing queue.o(i.xQueuePeekFromISR), (148 bytes).
    Removing queue.o(i.xQueueReceiveFromISR), (188 bytes).
    Removing queue.o(i.xQueueTakeMutexRecursive), (108 bytes).
    Removing tasks.o(i.eTaskGetState), (144 bytes).
    Removing tasks.o(i.pcTaskGetName), (84 bytes).
    Removing tasks.o(i.prvListTasksWithinSingleList), (88 bytes).
    Removing tasks.o(i.prvTaskIsTaskSuspended), (92 bytes).
    Removing tasks.o(i.ulTaskNotifyTake), (104 bytes).
    Removing tasks.o(i.uxTaskGetNumberOfTasks), (12 bytes).
    Removing tasks.o(i.uxTaskGetSystemState), (168 bytes).
    Removing tasks.o(i.uxTaskGetTaskNumber), (8 bytes).
    Removing tasks.o(i.uxTaskPriorityGet), (28 bytes).
    Removing tasks.o(i.uxTaskPriorityGetFromISR), (44 bytes).
    Removing tasks.o(i.uxTaskResetEventItemValue), (24 bytes).
    Removing tasks.o(i.vTaskDelayUntil), (172 bytes).
    Removing tasks.o(i.vTaskEndScheduler), (28 bytes).
    Removing tasks.o(i.vTaskGetInfo), (132 bytes).
    Removing tasks.o(i.vTaskNotifyGiveFromISR), (220 bytes).
    Removing tasks.o(i.vTaskPlaceOnUnorderedEventList), (120 bytes).
    Removing tasks.o(i.vTaskPrioritySet), (236 bytes).
    Removing tasks.o(i.vTaskResume), (168 bytes).
    Removing tasks.o(i.vTaskSetTaskNumber), (8 bytes).
    Removing tasks.o(i.vTaskSuspend), (216 bytes).
    Removing tasks.o(i.xTaskGenericNotify), (240 bytes).
    Removing tasks.o(i.xTaskGenericNotifyFromISR), (276 bytes).
    Removing tasks.o(i.xTaskGetCurrentTaskHandle), (12 bytes).
    Removing tasks.o(i.xTaskGetTickCountFromISR), (16 bytes).
    Removing tasks.o(i.xTaskNotifyStateClear), (52 bytes).
    Removing tasks.o(i.xTaskNotifyWait), (140 bytes).
    Removing tasks.o(i.xTaskRemoveFromUnorderedEventList), (160 bytes).
    Removing tasks.o(i.xTaskResumeFromISR), (176 bytes).
    Removing timers.o(i.pcTimerGetName), (68 bytes).
    Removing timers.o(i.pvTimerGetTimerID), (76 bytes).
    Removing timers.o(i.vTimerSetTimerID), (80 bytes).
    Removing timers.o(i.xTimerGetExpiryTime), (68 bytes).
    Removing timers.o(i.xTimerGetPeriod), (68 bytes).
    Removing timers.o(i.xTimerGetTimerDaemonTaskHandle), (72 bytes).
    Removing timers.o(i.xTimerIsTimerActive), (84 bytes).
    Removing heap_4.o(i.vPortInitialiseBlocks), (2 bytes).
    Removing heap_4.o(i.xPortGetFreeHeapSize), (12 bytes).
    Removing heap_4.o(i.xPortGetMinimumEverFreeHeapSize), (12 bytes).
    Removing port.o(i.vPortEndScheduler), (96 bytes).
    Removing dadd.o(.text), (334 bytes).
    Removing dmul.o(.text), (228 bytes).
    Removing ddiv.o(.text), (222 bytes).
    Removing dfixul.o(.text), (48 bytes).
    Removing cdrcmple.o(.text), (48 bytes).
    Removing depilogue.o(.text), (186 bytes).

400 unused section(s) (total 30922 bytes) removed from the image.

==============================================================================

Image Symbol Table

    Local Symbols

    Symbol Name                              Value     Ov Type        Size  Object(Section)

    ../clib/microlib/division.c              0x00000000   Number         0  uldiv.o ABSOLUTE
    ../clib/microlib/division.c              0x00000000   Number         0  uidiv.o ABSOLUTE
    ../clib/microlib/init/entry.s            0x00000000   Number         0  entry7a.o ABSOLUTE
    ../clib/microlib/init/entry.s            0x00000000   Number         0  entry10a.o ABSOLUTE
    ../clib/microlib/init/entry.s            0x00000000   Number         0  entry7b.o ABSOLUTE
    ../clib/microlib/init/entry.s            0x00000000   Number         0  entry9b.o ABSOLUTE
    ../clib/microlib/init/entry.s            0x00000000   Number         0  entry.o ABSOLUTE
    ../clib/microlib/init/entry.s            0x00000000   Number         0  entry5.o ABSOLUTE
    ../clib/microlib/init/entry.s            0x00000000   Number         0  entry9a.o ABSOLUTE
    ../clib/microlib/init/entry.s            0x00000000   Number         0  entry8a.o ABSOLUTE
    ../clib/microlib/init/entry.s            0x00000000   Number         0  entry2.o ABSOLUTE
    ../clib/microlib/init/entry.s            0x00000000   Number         0  entry8b.o ABSOLUTE
    ../clib/microlib/init/entry.s            0x00000000   Number         0  entry11b.o ABSOLUTE
    ../clib/microlib/init/entry.s            0x00000000   Number         0  entry11a.o ABSOLUTE
    ../clib/microlib/init/entry.s            0x00000000   Number         0  entry10b.o ABSOLUTE
    ../clib/microlib/longlong.c              0x00000000   Number         0  llsshr.o ABSOLUTE
    ../clib/microlib/longlong.c              0x00000000   Number         0  llushr.o ABSOLUTE
    ../clib/microlib/longlong.c              0x00000000   Number         0  llshl.o ABSOLUTE
    ../clib/microlib/printf/printf.c         0x00000000   Number         0  printf7.o ABSOLUTE
    ../clib/microlib/printf/printf.c         0x00000000   Number         0  printf8.o ABSOLUTE
    ../clib/microlib/printf/printf.c         0x00000000   Number         0  printfa.o ABSOLUTE
    ../clib/microlib/printf/printf.c         0x00000000   Number         0  printf6.o ABSOLUTE
    ../clib/microlib/printf/printf.c         0x00000000   Number         0  printf1.o ABSOLUTE
    ../clib/microlib/printf/printf.c         0x00000000   Number         0  printf0.o ABSOLUTE
    ../clib/microlib/printf/printf.c         0x00000000   Number         0  printf2.o ABSOLUTE
    ../clib/microlib/printf/printf.c         0x00000000   Number         0  printfb.o ABSOLUTE
    ../clib/microlib/printf/printf.c         0x00000000   Number         0  printf4.o ABSOLUTE
    ../clib/microlib/printf/printf.c         0x00000000   Number         0  printf3.o ABSOLUTE
    ../clib/microlib/printf/printf.c         0x00000000   Number         0  printf5.o ABSOLUTE
    ../clib/microlib/printf/stubs.s          0x00000000   Number         0  stubs.o ABSOLUTE
    ../clib/microlib/stdio/streams.c         0x00000000   Number         0  stdout.o ABSOLUTE
    ../clib/microlib/string/memcpy.c         0x00000000   Number         0  memcpyb.o ABSOLUTE
    ../clib/microlib/string/memcpy.c         0x00000000   Number         0  memcpya.o ABSOLUTE
    ../clib/microlib/string/memset.c         0x00000000   Number         0  memseta.o ABSOLUTE
    ../clib/microlib/stubs.s                 0x00000000   Number         0  iusefp.o ABSOLUTE
    ../fplib/microlib/fpadd.c                0x00000000   Number         0  dadd.o ABSOLUTE
    ../fplib/microlib/fpdiv.c                0x00000000   Number         0  ddiv.o ABSOLUTE
    ../fplib/microlib/fpepilogue.c           0x00000000   Number         0  depilogue.o ABSOLUTE
    ../fplib/microlib/fpfix.c                0x00000000   Number         0  dfixul.o ABSOLUTE
    ../fplib/microlib/fpmul.c                0x00000000   Number         0  dmul.o ABSOLUTE
    ..\BSP\stm32f4xx_nucleo.c                0x00000000   Number         0  stm32f4xx_nucleo.o ABSOLUTE
    ..\FreeRTOS\Source\croutine.c            0x00000000   Number         0  croutine.o ABSOLUTE
    ..\FreeRTOS\Source\event_groups.c        0x00000000   Number         0  event_groups.o ABSOLUTE
    ..\FreeRTOS\Source\list.c                0x00000000   Number         0  list.o ABSOLUTE
    ..\FreeRTOS\Source\portable\MemMang\heap_4.c 0x00000000   Number         0  heap_4.o ABSOLUTE
    ..\FreeRTOS\Source\portable\RVDS\ARM_CM4F\port.c 0x00000000   Number         0  port.o ABSOLUTE
    ..\FreeRTOS\Source\queue.c               0x00000000   Number         0  queue.o ABSOLUTE
    ..\FreeRTOS\Source\tasks.c               0x00000000   Number         0  tasks.o ABSOLUTE
    ..\FreeRTOS\Source\timers.c              0x00000000   Number         0  timers.o ABSOLUTE
    ..\HAL\Src\stm32f4xx_hal.c               0x00000000   Number         0  stm32f4xx_hal.o ABSOLUTE
    ..\HAL\Src\stm32f4xx_hal_adc.c           0x00000000   Number         0  stm32f4xx_hal_adc.o ABSOLUTE
    ..\HAL\Src\stm32f4xx_hal_adc_ex.c        0x00000000   Number         0  stm32f4xx_hal_adc_ex.o ABSOLUTE
    ..\HAL\Src\stm32f4xx_hal_cortex.c        0x00000000   Number         0  stm32f4xx_hal_cortex.o ABSOLUTE
    ..\HAL\Src\stm32f4xx_hal_dma.c           0x00000000   Number         0  stm32f4xx_hal_dma.o ABSOLUTE
    ..\HAL\Src\stm32f4xx_hal_dma_ex.c        0x00000000   Number         0  stm32f4xx_hal_dma_ex.o ABSOLUTE
    ..\HAL\Src\stm32f4xx_hal_flash.c         0x00000000   Number         0  stm32f4xx_hal_flash.o ABSOLUTE
    ..\HAL\Src\stm32f4xx_hal_flash_ex.c      0x00000000   Number         0  stm32f4xx_hal_flash_ex.o ABSOLUTE
    ..\HAL\Src\stm32f4xx_hal_gpio.c          0x00000000   Number         0  stm32f4xx_hal_gpio.o ABSOLUTE
    ..\HAL\Src\stm32f4xx_hal_rcc.c           0x00000000   Number         0  stm32f4xx_hal_rcc.o ABSOLUTE
    ..\HAL\Src\stm32f4xx_hal_spi.c           0x00000000   Number         0  stm32f4xx_hal_spi.o ABSOLUTE
    ..\HAL\Src\stm32f4xx_hal_uart.c          0x00000000   Number         0  stm32f4xx_hal_uart.o ABSOLUTE
    ..\Src\main.c                            0x00000000   Number         0  main.o ABSOLUTE
    ..\Src\stm32f4xx_hal_msp.c               0x00000000   Number         0  stm32f4xx_hal_msp.o ABSOLUTE
    ..\Src\stm32f4xx_it.c                    0x00000000   Number         0  stm32f4xx_it.o ABSOLUTE
    ..\Src\system_stm32f4xx.c                0x00000000   Number         0  system_stm32f4xx.o ABSOLUTE
    ..\\BSP\\stm32f4xx_nucleo.c              0x00000000   Number         0  stm32f4xx_nucleo.o ABSOLUTE
    ..\\FreeRTOS\\Source\\portable\\RVDS\\ARM_CM4F\\port.c 0x00000000   Number         0  port.o ABSOLUTE
    ..\\HAL\\Src\\stm32f4xx_hal.c            0x00000000   Number         0  stm32f4xx_hal.o ABSOLUTE
    ..\\HAL\\Src\\stm32f4xx_hal_adc.c        0x00000000   Number         0  stm32f4xx_hal_adc.o ABSOLUTE
    ..\\HAL\\Src\\stm32f4xx_hal_adc_ex.c     0x00000000   Number         0  stm32f4xx_hal_adc_ex.o ABSOLUTE
    ..\\HAL\\Src\\stm32f4xx_hal_cortex.c     0x00000000   Number         0  stm32f4xx_hal_cortex.o ABSOLUTE
    ..\\HAL\\Src\\stm32f4xx_hal_dma.c        0x00000000   Number         0  stm32f4xx_hal_dma.o ABSOLUTE
    ..\\HAL\\Src\\stm32f4xx_hal_dma_ex.c     0x00000000   Number         0  stm32f4xx_hal_dma_ex.o ABSOLUTE
    ..\\HAL\\Src\\stm32f4xx_hal_flash.c      0x00000000   Number         0  stm32f4xx_hal_flash.o ABSOLUTE
    ..\\HAL\\Src\\stm32f4xx_hal_flash_ex.c   0x00000000   Number         0  stm32f4xx_hal_flash_ex.o ABSOLUTE
    ..\\HAL\\Src\\stm32f4xx_hal_gpio.c       0x00000000   Number         0  stm32f4xx_hal_gpio.o ABSOLUTE
    ..\\HAL\\Src\\stm32f4xx_hal_rcc.c        0x00000000   Number         0  stm32f4xx_hal_rcc.o ABSOLUTE
    ..\\HAL\\Src\\stm32f4xx_hal_spi.c        0x00000000   Number         0  stm32f4xx_hal_spi.o ABSOLUTE
    ..\\HAL\\Src\\stm32f4xx_hal_uart.c       0x00000000   Number         0  stm32f4xx_hal_uart.o ABSOLUTE
    ..\\Src\\main.c                          0x00000000   Number         0  main.o ABSOLUTE
    ..\\Src\\stm32f4xx_hal_msp.c             0x00000000   Number         0  stm32f4xx_hal_msp.o ABSOLUTE
    ..\\Src\\stm32f4xx_it.c                  0x00000000   Number         0  stm32f4xx_it.o ABSOLUTE
    ..\\Src\\system_stm32f4xx.c              0x00000000   Number         0  system_stm32f4xx.o ABSOLUTE
    cdrcmple.s                               0x00000000   Number         0  cdrcmple.o ABSOLUTE
    dc.s                                     0x00000000   Number         0  dc.o ABSOLUTE
    handlers.s                               0x00000000   Number         0  handlers.o ABSOLUTE
    init.s                                   0x00000000   Number         0  init.o ABSOLUTE
    startup_stm32f411xe.s                    0x00000000   Number         0  startup_stm32f411xe.o ABSOLUTE
    RESET                                    0x08000000   Section      408  startup_stm32f411xe.o(RESET)
    .ARM.Collect$$$$00000000                 0x08000198   Section        0  entry.o(.ARM.Collect$$$$00000000)
    .ARM.Collect$$$$00000001                 0x08000198   Section        4  entry2.o(.ARM.Collect$$$$00000001)
    .ARM.Collect$$$$00000004                 0x0800019c   Section        4  entry5.o(.ARM.Collect$$$$00000004)
    .ARM.Collect$$$$00000008                 0x080001a0   Section        0  entry7b.o(.ARM.Collect$$$$00000008)
    .ARM.Collect$$$$0000000A                 0x080001a0   Section        0  entry8b.o(.ARM.Collect$$$$0000000A)
    .ARM.Collect$$$$0000000B                 0x080001a0   Section        8  entry9a.o(.ARM.Collect$$$$0000000B)
    .ARM.Collect$$$$0000000D                 0x080001a8   Section        0  entry10a.o(.ARM.Collect$$$$0000000D)
    .ARM.Collect$$$$0000000F                 0x080001a8   Section        0  entry11a.o(.ARM.Collect$$$$0000000F)
    .ARM.Collect$$$$00002712                 0x080001a8   Section        4  entry2.o(.ARM.Collect$$$$00002712)
    __lit__00000000                          0x080001a8   Data           4  entry2.o(.ARM.Collect$$$$00002712)
    .emb_text                                0x080001ac   Section      182  port.o(.emb_text)
    $v0                                      0x080001ac   Number         0  port.o(.emb_text)
    .text                                    0x08000264   Section       36  startup_stm32f411xe.o(.text)
    $v0                                      0x08000264   Number         0  startup_stm32f411xe.o(.text)
    .text                                    0x08000288   Section        0  memcpya.o(.text)
    .text                                    0x080002ac   Section        0  memseta.o(.text)
    .text                                    0x080002d0   Section        0  uidiv.o(.text)
    .text                                    0x080002fc   Section       36  init.o(.text)
    i.BSP_LED_On                             0x08000320   Section        0  stm32f4xx_nucleo.o(i.BSP_LED_On)
    i.BusFault_Handler                       0x0800033c   Section        0  stm32f4xx_it.o(i.BusFault_Handler)
    i.DebugMon_Handler                       0x0800033e   Section        0  stm32f4xx_it.o(i.DebugMon_Handler)
    i.Error_Handler                          0x08000340   Section        0  main.o(i.Error_Handler)
    Error_Handler                            0x08000341   Thumb Code     8  main.o(i.Error_Handler)
    i.HAL_GPIO_Init                          0x08000348   Section        0  stm32f4xx_hal_gpio.o(i.HAL_GPIO_Init)
    i.HAL_GPIO_TogglePin                     0x080004d0   Section        0  stm32f4xx_hal_gpio.o(i.HAL_GPIO_TogglePin)
    i.HAL_GPIO_WritePin                      0x080004d8   Section        0  stm32f4xx_hal_gpio.o(i.HAL_GPIO_WritePin)
    i.HAL_GetTick                            0x080004e4   Section        0  stm32f4xx_hal.o(i.HAL_GetTick)
    i.HAL_Init                               0x080004f0   Section        0  stm32f4xx_hal.o(i.HAL_Init)
    i.HAL_InitTick                           0x08000524   Section        0  stm32f4xx_hal.o(i.HAL_InitTick)
    i.HAL_MspInit                            0x0800054c   Section        0  stm32f4xx_hal.o(i.HAL_MspInit)
    i.HAL_NVIC_SetPriority                   0x08000550   Section        0  stm32f4xx_hal_cortex.o(i.HAL_NVIC_SetPriority)
    i.HAL_NVIC_SetPriorityGrouping           0x08000590   Section        0  stm32f4xx_hal_cortex.o(i.HAL_NVIC_SetPriorityGrouping)
    i.HAL_RCC_ClockConfig                    0x080005b4   Section        0  stm32f4xx_hal_rcc.o(i.HAL_RCC_ClockConfig)
    i.HAL_RCC_GetPCLK1Freq                   0x08000730   Section        0  stm32f4xx_hal_rcc.o(i.HAL_RCC_GetPCLK1Freq)
    i.HAL_RCC_GetPCLK2Freq                   0x08000760   Section        0  stm32f4xx_hal_rcc.o(i.HAL_RCC_GetPCLK2Freq)
    i.HAL_RCC_GetSysClockFreq                0x08000790   Section        0  stm32f4xx_hal_rcc.o(i.HAL_RCC_GetSysClockFreq)
    i.HAL_RCC_OscConfig                      0x08000800   Section        0  stm32f4xx_hal_rcc.o(i.HAL_RCC_OscConfig)
    i.HAL_SYSTICK_Config                     0x08000b14   Section        0  stm32f4xx_hal_cortex.o(i.HAL_SYSTICK_Config)
    i.HAL_UART_Init                          0x08000b3c   Section        0  stm32f4xx_hal_uart.o(i.HAL_UART_Init)
    i.HAL_UART_MspInit                       0x08000ba0   Section        0  stm32f4xx_hal_msp.o(i.HAL_UART_MspInit)
    i.HAL_UART_Transmit                      0x08000c10   Section        0  stm32f4xx_hal_uart.o(i.HAL_UART_Transmit)
    i.HardFault_Handler                      0x08000cca   Section        0  stm32f4xx_it.o(i.HardFault_Handler)
    i.MemManage_Handler                      0x08000ccc   Section        0  stm32f4xx_it.o(i.MemManage_Handler)
    i.NMI_Handler                            0x08000cce   Section        0  stm32f4xx_it.o(i.NMI_Handler)
    i.NVIC_SetPriority                       0x08000cd0   Section        0  stm32f4xx_hal_cortex.o(i.NVIC_SetPriority)
    NVIC_SetPriority                         0x08000cd1   Thumb Code    32  stm32f4xx_hal_cortex.o(i.NVIC_SetPriority)
    i.SysTick_Handler                        0x08000cf0   Section        0  port.o(i.SysTick_Handler)
    i.SystemClock_Config                     0x08000d1c   Section        0  main.o(i.SystemClock_Config)
    SystemClock_Config                       0x08000d1d   Thumb Code   120  main.o(i.SystemClock_Config)
    i.SystemInit                             0x08000d9c   Section        0  system_stm32f4xx.o(i.SystemInit)
    i.UART_SetConfig                         0x08000df0   Section        0  stm32f4xx_hal_uart.o(i.UART_SetConfig)
    UART_SetConfig                           0x08000df1   Thumb Code   676  stm32f4xx_hal_uart.o(i.UART_SetConfig)
    i.UART_WaitOnFlagUntilTimeout            0x0800109c   Section        0  stm32f4xx_hal_uart.o(i.UART_WaitOnFlagUntilTimeout)
    UART_WaitOnFlagUntilTimeout              0x0800109d   Thumb Code   100  stm32f4xx_hal_uart.o(i.UART_WaitOnFlagUntilTimeout)
    i.UsageFault_Handler                     0x08001100   Section        0  stm32f4xx_it.o(i.UsageFault_Handler)
    i.__0printf$3                            0x08001104   Section        0  printf3.o(i.__0printf$3)
    i.__scatterload_copy                     0x08001124   Section       14  handlers.o(i.__scatterload_copy)
    i.__scatterload_null                     0x08001132   Section        2  handlers.o(i.__scatterload_null)
    i.__scatterload_zeroinit                 0x08001134   Section       14  handlers.o(i.__scatterload_zeroinit)
    i._printf_core                           0x08001144   Section        0  printf3.o(i._printf_core)
    _printf_core                             0x08001145   Thumb Code   436  printf3.o(i._printf_core)
    i.fputc                                  0x080012fc   Section        0  main.o(i.fputc)
    i.main                                   0x08001314   Section        0  main.o(i.main)
    i.prvAddCurrentTaskToDelayedList         0x080013ac   Section        0  tasks.o(i.prvAddCurrentTaskToDelayedList)
    prvAddCurrentTaskToDelayedList           0x080013ad   Thumb Code   102  tasks.o(i.prvAddCurrentTaskToDelayedList)
    i.prvAddNewTaskToReadyList               0x0800141c   Section        0  tasks.o(i.prvAddNewTaskToReadyList)
    prvAddNewTaskToReadyList                 0x0800141d   Thumb Code   196  tasks.o(i.prvAddNewTaskToReadyList)
    i.prvCheckForValidListAndQueue           0x080014ec   Section        0  timers.o(i.prvCheckForValidListAndQueue)
    prvCheckForValidListAndQueue             0x080014ed   Thumb Code    62  timers.o(i.prvCheckForValidListAndQueue)
    i.prvCheckTasksWaitingTermination        0x0800153c   Section        0  tasks.o(i.prvCheckTasksWaitingTermination)
    prvCheckTasksWaitingTermination          0x0800153d   Thumb Code    70  tasks.o(i.prvCheckTasksWaitingTermination)
    i.prvCopyDataFromQueue                   0x0800158c   Section        0  queue.o(i.prvCopyDataFromQueue)
    prvCopyDataFromQueue                     0x0800158d   Thumb Code    38  queue.o(i.prvCopyDataFromQueue)
    i.prvCopyDataToQueue                     0x080015b2   Section        0  queue.o(i.prvCopyDataToQueue)
    prvCopyDataToQueue                       0x080015b3   Thumb Code   108  queue.o(i.prvCopyDataToQueue)
    i.prvDeleteTCB                           0x0800161e   Section        0  tasks.o(i.prvDeleteTCB)
    prvDeleteTCB                             0x0800161f   Thumb Code    20  tasks.o(i.prvDeleteTCB)
    i.prvHeapInit                            0x08001634   Section        0  heap_4.o(i.prvHeapInit)
    prvHeapInit                              0x08001635   Thumb Code    66  heap_4.o(i.prvHeapInit)
    i.prvIdleTask                            0x08001680   Section        0  tasks.o(i.prvIdleTask)
    prvIdleTask                              0x08001681   Thumb Code    30  tasks.o(i.prvIdleTask)
    i.prvInitialiseNewTask                   0x080016a8   Section        0  tasks.o(i.prvInitialiseNewTask)
    prvInitialiseNewTask                     0x080016a9   Thumb Code   154  tasks.o(i.prvInitialiseNewTask)
    i.prvInsertBlockIntoFreeList             0x08001770   Section        0  heap_4.o(i.prvInsertBlockIntoFreeList)
    prvInsertBlockIntoFreeList               0x08001771   Thumb Code    72  heap_4.o(i.prvInsertBlockIntoFreeList)
    i.prvInsertTimerInActiveList             0x080017bc   Section        0  timers.o(i.prvInsertTimerInActiveList)
    prvInsertTimerInActiveList               0x080017bd   Thumb Code    52  timers.o(i.prvInsertTimerInActiveList)
    i.prvIsQueueEmpty                        0x080017f4   Section        0  queue.o(i.prvIsQueueEmpty)
    prvIsQueueEmpty                          0x080017f5   Thumb Code    28  queue.o(i.prvIsQueueEmpty)
    i.prvProcessExpiredTimer                 0x08001810   Section        0  timers.o(i.prvProcessExpiredTimer)
    prvProcessExpiredTimer                   0x08001811   Thumb Code    86  timers.o(i.prvProcessExpiredTimer)
    i.prvProcessReceivedCommands             0x08001870   Section        0  timers.o(i.prvProcessReceivedCommands)
    prvProcessReceivedCommands               0x08001871   Thumb Code   182  timers.o(i.prvProcessReceivedCommands)
    i.prvProcessTimerOrBlockTask             0x08001958   Section        0  timers.o(i.prvProcessTimerOrBlockTask)
    prvProcessTimerOrBlockTask               0x08001959   Thumb Code    98  timers.o(i.prvProcessTimerOrBlockTask)
    i.prvResetNextTaskUnblockTime            0x080019c4   Section        0  tasks.o(i.prvResetNextTaskUnblockTime)
    prvResetNextTaskUnblockTime              0x080019c5   Thumb Code    26  tasks.o(i.prvResetNextTaskUnblockTime)
    i.prvSampleTimeNow                       0x080019e4   Section        0  timers.o(i.prvSampleTimeNow)
    prvSampleTimeNow                         0x080019e5   Thumb Code    36  timers.o(i.prvSampleTimeNow)
    i.prvSwitchTimerLists                    0x08001a0c   Section        0  timers.o(i.prvSwitchTimerLists)
    prvSwitchTimerLists                      0x08001a0d   Thumb Code   100  timers.o(i.prvSwitchTimerLists)
    i.prvTaskExitError                       0x08001a78   Section        0  port.o(i.prvTaskExitError)
    prvTaskExitError                         0x08001a79   Thumb Code    36  port.o(i.prvTaskExitError)
    i.prvTimerTask                           0x08001ae4   Section        0  timers.o(i.prvTimerTask)
    prvTimerTask                             0x08001ae5   Thumb Code    32  timers.o(i.prvTimerTask)
    i.prvUnlockQueue                         0x08001b08   Section        0  queue.o(i.prvUnlockQueue)
    prvUnlockQueue                           0x08001b09   Thumb Code   106  queue.o(i.prvUnlockQueue)
    i.pvPortMalloc                           0x08001b74   Section        0  heap_4.o(i.pvPortMalloc)
    i.pvTaskIncrementMutexHeldCount          0x08001c90   Section        0  tasks.o(i.pvTaskIncrementMutexHeldCount)
    i.pxPortInitialiseStack                  0x08001ca8   Section        0  port.o(i.pxPortInitialiseStack)
    i.start_task                             0x08001cd4   Section        0  main.o(i.start_task)
    i.task1_task                             0x08001d34   Section        0  main.o(i.task1_task)
    i.task2_task                             0x08001d9c   Section        0  main.o(i.task2_task)
    i.uxListRemove                           0x08001dd8   Section        0  list.o(i.uxListRemove)
    i.vListInitialise                        0x08001dfc   Section        0  list.o(i.vListInitialise)
    i.vListInitialiseItem                    0x08001e12   Section        0  list.o(i.vListInitialiseItem)
    i.vListInsert                            0x08001e18   Section        0  list.o(i.vListInsert)
    i.vListInsertEnd                         0x08001e48   Section        0  list.o(i.vListInsertEnd)
    i.vPortEnterCritical                     0x08001e60   Section        0  port.o(i.vPortEnterCritical)
    i.vPortExitCritical                      0x08001ee0   Section        0  port.o(i.vPortExitCritical)
    i.vPortFree                              0x08001f4c   Section        0  heap_4.o(i.vPortFree)
    i.vPortSetupTimerInterrupt               0x08001ff0   Section        0  port.o(i.vPortSetupTimerInterrupt)
    i.vPortValidateInterruptPriority         0x08002010   Section        0  port.o(i.vPortValidateInterruptPriority)
    i.vQueueAddToRegistry                    0x080020a4   Section        0  queue.o(i.vQueueAddToRegistry)
    i.vQueueWaitForMessageRestricted         0x080020cc   Section        0  queue.o(i.vQueueWaitForMessageRestricted)
    i.vTaskDelay                             0x08002110   Section        0  tasks.o(i.vTaskDelay)
    i.vTaskDelete                            0x08002184   Section        0  tasks.o(i.vTaskDelete)
    i.vTaskMissedYield                       0x08002258   Section        0  tasks.o(i.vTaskMissedYield)
    i.vTaskPlaceOnEventList                  0x08002264   Section        0  tasks.o(i.vTaskPlaceOnEventList)
    i.vTaskPlaceOnEventListRestricted        0x080022c0   Section        0  tasks.o(i.vTaskPlaceOnEventListRestricted)
    i.vTaskPriorityInherit                   0x08002324   Section        0  tasks.o(i.vTaskPriorityInherit)
    i.vTaskSetTimeOutState                   0x080023a8   Section        0  tasks.o(i.vTaskSetTimeOutState)
    i.vTaskStartScheduler                    0x080023f8   Section        0  tasks.o(i.vTaskStartScheduler)
    i.vTaskSuspendAll                        0x08002494   Section        0  tasks.o(i.vTaskSuspendAll)
    i.vTaskSwitchContext                     0x080024a4   Section        0  tasks.o(i.vTaskSwitchContext)
    i.xPortStartScheduler                    0x08002528   Section        0  port.o(i.xPortStartScheduler)
    i.xQueueGenericCreate                    0x08002640   Section        0  queue.o(i.xQueueGenericCreate)
    i.xQueueGenericReceive                   0x080026bc   Section        0  queue.o(i.xQueueGenericReceive)
    i.xQueueGenericReset                     0x08002848   Section        0  queue.o(i.xQueueGenericReset)
    i.xQueueGenericSend                      0x080028f8   Section        0  queue.o(i.xQueueGenericSend)
    i.xQueueGenericSendFromISR               0x08002a74   Section        0  queue.o(i.xQueueGenericSendFromISR)
    i.xTaskCheckForTimeOut                   0x08002b50   Section        0  tasks.o(i.xTaskCheckForTimeOut)
    i.xTaskCreate                            0x08002be0   Section        0  tasks.o(i.xTaskCreate)
    i.xTaskGetSchedulerState                 0x08002c38   Section        0  tasks.o(i.xTaskGetSchedulerState)
    i.xTaskGetTickCount                      0x08002c54   Section        0  tasks.o(i.xTaskGetTickCount)
    i.xTaskIncrementTick                     0x08002c60   Section        0  tasks.o(i.xTaskIncrementTick)
    i.xTaskPriorityDisinherit                0x08002d50   Section        0  tasks.o(i.xTaskPriorityDisinherit)
    i.xTaskRemoveFromEventList               0x08002e0c   Section        0  tasks.o(i.xTaskRemoveFromEventList)
    i.xTaskResumeAll                         0x08002ea8   Section        0  tasks.o(i.xTaskResumeAll)
    i.xTimerCreate                           0x08002f98   Section        0  timers.o(i.xTimerCreate)
    i.xTimerCreateTimerTask                  0x08003010   Section        0  timers.o(i.xTimerCreateTimerTask)
    i.xTimerGenericCommand                   0x08003088   Section        0  timers.o(i.xTimerGenericCommand)
    .constdata                               0x08003118   Section        6  stm32f4xx_nucleo.o(.constdata)
    .constdata                               0x0800311e   Section       16  system_stm32f4xx.o(.constdata)
    .constdata                               0x0800312e   Section        8  system_stm32f4xx.o(.constdata)
    .data                                    0x20000000   Section       12  stm32f4xx_nucleo.o(.data)
    .data                                    0x2000000c   Section        4  stm32f4xx_hal.o(.data)
    .data                                    0x20000010   Section       12  main.o(.data)
    .data                                    0x2000001c   Section        4  system_stm32f4xx.o(.data)
    .data                                    0x20000020   Section       60  tasks.o(.data)
    uxDeletedTasksWaitingCleanUp             0x20000024   Data           4  tasks.o(.data)
    uxCurrentNumberOfTasks                   0x20000028   Data           4  tasks.o(.data)
    xTickCount                               0x2000002c   Data           4  tasks.o(.data)
    uxTopReadyPriority                       0x20000030   Data           4  tasks.o(.data)
    xSchedulerRunning                        0x20000034   Data           4  tasks.o(.data)
    uxPendedTicks                            0x20000038   Data           4  tasks.o(.data)
    xYieldPending                            0x2000003c   Data           4  tasks.o(.data)
    xNumOfOverflows                          0x20000040   Data           4  tasks.o(.data)
    uxTaskNumber                             0x20000044   Data           4  tasks.o(.data)
    xNextTaskUnblockTime                     0x20000048   Data           4  tasks.o(.data)
    xIdleTaskHandle                          0x2000004c   Data           4  tasks.o(.data)
    uxSchedulerSuspended                     0x20000050   Data           4  tasks.o(.data)
    pxDelayedTaskList                        0x20000054   Data           4  tasks.o(.data)
    pxOverflowDelayedTaskList                0x20000058   Data           4  tasks.o(.data)
    .data                                    0x2000005c   Section       20  timers.o(.data)
    xTimerQueue                              0x2000005c   Data           4  timers.o(.data)
    xTimerTaskHandle                         0x20000060   Data           4  timers.o(.data)
    xLastTime                                0x20000064   Data           4  timers.o(.data)
    pxCurrentTimerList                       0x20000068   Data           4  timers.o(.data)
    pxOverflowTimerList                      0x2000006c   Data           4  timers.o(.data)
    .data                                    0x20000070   Section       24  heap_4.o(.data)
    pxEnd                                    0x20000070   Data           4  heap_4.o(.data)
    xFreeBytesRemaining                      0x20000074   Data           4  heap_4.o(.data)
    xMinimumEverFreeBytesRemaining           0x20000078   Data           4  heap_4.o(.data)
    xBlockAllocatedBit                       0x2000007c   Data           4  heap_4.o(.data)
    xStart                                   0x20000080   Data           8  heap_4.o(.data)
    .data                                    0x20000088   Section       12  port.o(.data)
    ucMaxSysCallPriority                     0x20000088   Data           1  port.o(.data)
    uxCriticalNesting                        0x2000008c   Data           4  port.o(.data)
    ulMaxPRIGROUPValue                       0x20000090   Data           4  port.o(.data)
    .data                                    0x20000094   Section        4  stdout.o(.data)
    .bss                                     0x20000098   Section       84  main.o(.bss)
    GPIO_InitStruct                          0x200000d8   Data          20  main.o(.bss)
    .bss                                     0x200000ec   Section       64  queue.o(.bss)
    .bss                                     0x2000012c   Section      200  tasks.o(.bss)
    pxReadyTasksLists                        0x2000012c   Data         100  tasks.o(.bss)
    xDelayedTaskList1                        0x20000190   Data          20  tasks.o(.bss)
    xDelayedTaskList2                        0x200001a4   Data          20  tasks.o(.bss)
    xPendingReadyList                        0x200001b8   Data          20  tasks.o(.bss)
    xTasksWaitingTermination                 0x200001cc   Data          20  tasks.o(.bss)
    xSuspendedTaskList                       0x200001e0   Data          20  tasks.o(.bss)
    .bss                                     0x200001f4   Section       40  timers.o(.bss)
    xActiveTimerList1                        0x200001f4   Data          20  timers.o(.bss)
    xActiveTimerList2                        0x20000208   Data          20  timers.o(.bss)
    .bss                                     0x2000021c   Section    76800  heap_4.o(.bss)
    ucHeap                                   0x2000021c   Data       76800  heap_4.o(.bss)
    STACK                                    0x20012e20   Section     1024  startup_stm32f411xe.o(STACK)

    Global Symbols

    Symbol Name                              Value     Ov Type        Size  Object(Section)

    BuildAttributes$$THM_ISAv4$E$P$D$K$B$S$7EM$VFPi3$EXTD16$VFPS$VFMA$PE$A:L22UL41UL21$X:L11$S22US41US21$IEEE1$IW$USESV6$~STKCKD$USESV7$~SHL$OSPACE$ROPI$EBA8$MICROLIB$REQ8$PRES8$EABIv2 0x00000000   Number         0  anon$$obj.o ABSOLUTE
    __ARM_use_no_argv                        0x00000000   Number         0  main.o ABSOLUTE
    _printf_a                                0x00000000   Number         0  stubs.o ABSOLUTE
    _printf_c                                0x00000000   Number         0  stubs.o ABSOLUTE
    _printf_charcount                        0x00000000   Number         0  stubs.o ABSOLUTE
    _printf_d                                0x00000000   Number         0  stubs.o ABSOLUTE
    _printf_e                                0x00000000   Number         0  stubs.o ABSOLUTE
    _printf_f                                0x00000000   Number         0  stubs.o ABSOLUTE
    _printf_flags                            0x00000000   Number         0  stubs.o ABSOLUTE
    _printf_fp_dec                           0x00000000   Number         0  stubs.o ABSOLUTE
    _printf_fp_hex                           0x00000000   Number         0  stubs.o ABSOLUTE
    _printf_g                                0x00000000   Number         0  stubs.o ABSOLUTE
    _printf_i                                0x00000000   Number         0  stubs.o ABSOLUTE
    _printf_int_dec                          0x00000000   Number         0  stubs.o ABSOLUTE
    _printf_l                                0x00000000   Number         0  stubs.o ABSOLUTE
    _printf_lc                               0x00000000   Number         0  stubs.o ABSOLUTE
    _printf_ll                               0x00000000   Number         0  stubs.o ABSOLUTE
    _printf_lld                              0x00000000   Number         0  stubs.o ABSOLUTE
    _printf_lli                              0x00000000   Number         0  stubs.o ABSOLUTE
    _printf_llo                              0x00000000   Number         0  stubs.o ABSOLUTE
    _printf_llu                              0x00000000   Number         0  stubs.o ABSOLUTE
    _printf_llx                              0x00000000   Number         0  stubs.o ABSOLUTE
    _printf_longlong_dec                     0x00000000   Number         0  stubs.o ABSOLUTE
    _printf_longlong_hex                     0x00000000   Number         0  stubs.o ABSOLUTE
    _printf_longlong_oct                     0x00000000   Number         0  stubs.o ABSOLUTE
    _printf_ls                               0x00000000   Number         0  stubs.o ABSOLUTE
    _printf_mbtowc                           0x00000000   Number         0  stubs.o ABSOLUTE
    _printf_n                                0x00000000   Number         0  stubs.o ABSOLUTE
    _printf_o                                0x00000000   Number         0  stubs.o ABSOLUTE
    _printf_p                                0x00000000   Number         0  stubs.o ABSOLUTE
    _printf_percent                          0x00000000   Number         0  stubs.o ABSOLUTE
    _printf_pre_padding                      0x00000000   Number         0  stubs.o ABSOLUTE
    _printf_return_value                     0x00000000   Number         0  stubs.o ABSOLUTE
    _printf_s                                0x00000000   Number         0  stubs.o ABSOLUTE
    _printf_sizespec                         0x00000000   Number         0  stubs.o ABSOLUTE
    _printf_str                              0x00000000   Number         0  stubs.o ABSOLUTE
    _printf_truncate_signed                  0x00000000   Number         0  stubs.o ABSOLUTE
    _printf_truncate_unsigned                0x00000000   Number         0  stubs.o ABSOLUTE
    _printf_u                                0x00000000   Number         0  stubs.o ABSOLUTE
    _printf_wc                               0x00000000   Number         0  stubs.o ABSOLUTE
    _printf_wctomb                           0x00000000   Number         0  stubs.o ABSOLUTE
    _printf_widthprec                        0x00000000   Number         0  stubs.o ABSOLUTE
    _printf_x                                0x00000000   Number         0  stubs.o ABSOLUTE
    __cpp_initialize__aeabi_                  - Undefined Weak Reference
    __cxa_finalize                            - Undefined Weak Reference
    __decompress                              - Undefined Weak Reference
    _clock_init                               - Undefined Weak Reference
    _microlib_exit                            - Undefined Weak Reference
    __Vectors_Size                           0x00000198   Number         0  startup_stm32f411xe.o ABSOLUTE
    __Vectors                                0x08000000   Data           4  startup_stm32f411xe.o(RESET)
    __Vectors_End                            0x08000198   Data           0  startup_stm32f411xe.o(RESET)
    __main                                   0x08000199   Thumb Code     0  entry.o(.ARM.Collect$$$$00000000)
    _main_stk                                0x08000199   Thumb Code     0  entry2.o(.ARM.Collect$$$$00000001)
    _main_scatterload                        0x0800019d   Thumb Code     0  entry5.o(.ARM.Collect$$$$00000004)
    __main_after_scatterload                 0x080001a1   Thumb Code     0  entry5.o(.ARM.Collect$$$$00000004)
    _main_clock                              0x080001a1   Thumb Code     0  entry7b.o(.ARM.Collect$$$$00000008)
    _main_cpp_init                           0x080001a1   Thumb Code     0  entry8b.o(.ARM.Collect$$$$0000000A)
    _main_init                               0x080001a1   Thumb Code     0  entry9a.o(.ARM.Collect$$$$0000000B)
    __rt_final_cpp                           0x080001a9   Thumb Code     0  entry10a.o(.ARM.Collect$$$$0000000D)
    __rt_final_exit                          0x080001a9   Thumb Code     0  entry11a.o(.ARM.Collect$$$$0000000F)
    SVC_Handler                              0x080001ad   Thumb Code    28  port.o(.emb_text)
    __asm___6_port_c_39a90d8d__prvStartFirstTask 0x080001cd   Thumb Code    28  port.o(.emb_text)
    __asm___6_port_c_39a90d8d__prvEnableVFP  0x080001ed   Thumb Code    16  port.o(.emb_text)
    PendSV_Handler                           0x08000201   Thumb Code    88  port.o(.emb_text)
    vPortGetIPSR                             0x0800025d   Thumb Code     6  port.o(.emb_text)
    Reset_Handler                            0x08000265   Thumb Code     8  startup_stm32f411xe.o(.text)
    ADC_IRQHandler                           0x0800027f   Thumb Code     0  startup_stm32f411xe.o(.text)
    DMA1_Stream0_IRQHandler                  0x0800027f   Thumb Code     0  startup_stm32f411xe.o(.text)
    DMA1_Stream1_IRQHandler                  0x0800027f   Thumb Code     0  startup_stm32f411xe.o(.text)
    DMA1_Stream2_IRQHandler                  0x0800027f   Thumb Code     0  startup_stm32f411xe.o(.text)
    DMA1_Stream3_IRQHandler                  0x0800027f   Thumb Code     0  startup_stm32f411xe.o(.text)
    DMA1_Stream4_IRQHandler                  0x0800027f   Thumb Code     0  startup_stm32f411xe.o(.text)
    DMA1_Stream5_IRQHandler                  0x0800027f   Thumb Code     0  startup_stm32f411xe.o(.text)
    DMA1_Stream6_IRQHandler                  0x0800027f   Thumb Code     0  startup_stm32f411xe.o(.text)
    DMA1_Stream7_IRQHandler                  0x0800027f   Thumb Code     0  startup_stm32f411xe.o(.text)
    DMA2_Stream0_IRQHandler                  0x0800027f   Thumb Code     0  startup_stm32f411xe.o(.text)
    DMA2_Stream1_IRQHandler                  0x0800027f   Thumb Code     0  startup_stm32f411xe.o(.text)
    DMA2_Stream2_IRQHandler                  0x0800027f   Thumb Code     0  startup_stm32f411xe.o(.text)
    DMA2_Stream3_IRQHandler                  0x0800027f   Thumb Code     0  startup_stm32f411xe.o(.text)
    DMA2_Stream4_IRQHandler                  0x0800027f   Thumb Code     0  startup_stm32f411xe.o(.text)
    DMA2_Stream5_IRQHandler                  0x0800027f   Thumb Code     0  startup_stm32f411xe.o(.text)
    DMA2_Stream6_IRQHandler                  0x0800027f   Thumb Code     0  startup_stm32f411xe.o(.text)
    DMA2_Stream7_IRQHandler                  0x0800027f   Thumb Code     0  startup_stm32f411xe.o(.text)
    EXTI0_IRQHandler                         0x0800027f   Thumb Code     0  startup_stm32f411xe.o(.text)
    EXTI15_10_IRQHandler                     0x0800027f   Thumb Code     0  startup_stm32f411xe.o(.text)
    EXTI1_IRQHandler                         0x0800027f   Thumb Code     0  startup_stm32f411xe.o(.text)
    EXTI2_IRQHandler                         0x0800027f   Thumb Code     0  startup_stm32f411xe.o(.text)
    EXTI3_IRQHandler                         0x0800027f   Thumb Code     0  startup_stm32f411xe.o(.text)
    EXTI4_IRQHandler                         0x0800027f   Thumb Code     0  startup_stm32f411xe.o(.text)
    EXTI9_5_IRQHandler                       0x0800027f   Thumb Code     0  startup_stm32f411xe.o(.text)
    FLASH_IRQHandler                         0x0800027f   Thumb Code     0  startup_stm32f411xe.o(.text)
    FPU_IRQHandler                           0x0800027f   Thumb Code     0  startup_stm32f411xe.o(.text)
    I2C1_ER_IRQHandler                       0x0800027f   Thumb Code     0  startup_stm32f411xe.o(.text)
    I2C1_EV_IRQHandler                       0x0800027f   Thumb Code     0  startup_stm32f411xe.o(.text)
    I2C2_ER_IRQHandler                       0x0800027f   Thumb Code     0  startup_stm32f411xe.o(.text)
    I2C2_EV_IRQHandler                       0x0800027f   Thumb Code     0  startup_stm32f411xe.o(.text)
    I2C3_ER_IRQHandler                       0x0800027f   Thumb Code     0  startup_stm32f411xe.o(.text)
    I2C3_EV_IRQHandler                       0x0800027f   Thumb Code     0  startup_stm32f411xe.o(.text)
    OTG_FS_IRQHandler                        0x0800027f   Thumb Code     0  startup_stm32f411xe.o(.text)
    OTG_FS_WKUP_IRQHandler                   0x0800027f   Thumb Code     0  startup_stm32f411xe.o(.text)
    PVD_IRQHandler                           0x0800027f   Thumb Code     0  startup_stm32f411xe.o(.text)
    RCC_IRQHandler                           0x0800027f   Thumb Code     0  startup_stm32f411xe.o(.text)
    RTC_Alarm_IRQHandler                     0x0800027f   Thumb Code     0  startup_stm32f411xe.o(.text)
    RTC_WKUP_IRQHandler                      0x0800027f   Thumb Code     0  startup_stm32f411xe.o(.text)
    SDIO_IRQHandler                          0x0800027f   Thumb Code     0  startup_stm32f411xe.o(.text)
    SPI1_IRQHandler                          0x0800027f   Thumb Code     0  startup_stm32f411xe.o(.text)
    SPI2_IRQHandler                          0x0800027f   Thumb Code     0  startup_stm32f411xe.o(.text)
    SPI3_IRQHandler                          0x0800027f   Thumb Code     0  startup_stm32f411xe.o(.text)
    SPI4_IRQHandler                          0x0800027f   Thumb Code     0  startup_stm32f411xe.o(.text)
    SPI5_IRQHandler                          0x0800027f   Thumb Code     0  startup_stm32f411xe.o(.text)
    TAMP_STAMP_IRQHandler                    0x0800027f   Thumb Code     0  startup_stm32f411xe.o(.text)
    TIM1_BRK_TIM9_IRQHandler                 0x0800027f   Thumb Code     0  startup_stm32f411xe.o(.text)
    TIM1_CC_IRQHandler                       0x0800027f   Thumb Code     0  startup_stm32f411xe.o(.text)
    TIM1_TRG_COM_TIM11_IRQHandler            0x0800027f   Thumb Code     0  startup_stm32f411xe.o(.text)
    TIM1_UP_TIM10_IRQHandler                 0x0800027f   Thumb Code     0  startup_stm32f411xe.o(.text)
    TIM2_IRQHandler                          0x0800027f   Thumb Code     0  startup_stm32f411xe.o(.text)
    TIM3_IRQHandler                          0x0800027f   Thumb Code     0  startup_stm32f411xe.o(.text)
    TIM4_IRQHandler                          0x0800027f   Thumb Code     0  startup_stm32f411xe.o(.text)
    TIM5_IRQHandler                          0x0800027f   Thumb Code     0  startup_stm32f411xe.o(.text)
    USART1_IRQHandler                        0x0800027f   Thumb Code     0  startup_stm32f411xe.o(.text)
    USART2_IRQHandler                        0x0800027f   Thumb Code     0  startup_stm32f411xe.o(.text)
    USART6_IRQHandler                        0x0800027f   Thumb Code     0  startup_stm32f411xe.o(.text)
    WWDG_IRQHandler                          0x0800027f   Thumb Code     0  startup_stm32f411xe.o(.text)
    __aeabi_memcpy                           0x08000289   Thumb Code    36  memcpya.o(.text)
    __aeabi_memcpy4                          0x08000289   Thumb Code     0  memcpya.o(.text)
    __aeabi_memcpy8                          0x08000289   Thumb Code     0  memcpya.o(.text)
    __aeabi_memset                           0x080002ad   Thumb Code    14  memseta.o(.text)
    __aeabi_memset4                          0x080002ad   Thumb Code     0  memseta.o(.text)
    __aeabi_memset8                          0x080002ad   Thumb Code     0  memseta.o(.text)
    __aeabi_memclr                           0x080002bb   Thumb Code     4  memseta.o(.text)
    __aeabi_memclr4                          0x080002bb   Thumb Code     0  memseta.o(.text)
    __aeabi_memclr8                          0x080002bb   Thumb Code     0  memseta.o(.text)
    _memset$wrapper                          0x080002bf   Thumb Code    18  memseta.o(.text)
    __aeabi_uidiv                            0x080002d1   Thumb Code     0  uidiv.o(.text)
    __aeabi_uidivmod                         0x080002d1   Thumb Code    44  uidiv.o(.text)
    __scatterload                            0x080002fd   Thumb Code    28  init.o(.text)
    __scatterload_rt2                        0x080002fd   Thumb Code     0  init.o(.text)
    BSP_LED_On                               0x08000321   Thumb Code    18  stm32f4xx_nucleo.o(i.BSP_LED_On)
    BusFault_Handler                         0x0800033d   Thumb Code     2  stm32f4xx_it.o(i.BusFault_Handler)
    DebugMon_Handler                         0x0800033f   Thumb Code     2  stm32f4xx_it.o(i.DebugMon_Handler)
    HAL_GPIO_Init                            0x08000349   Thumb Code   358  stm32f4xx_hal_gpio.o(i.HAL_GPIO_Init)
    HAL_GPIO_TogglePin                       0x080004d1   Thumb Code     8  stm32f4xx_hal_gpio.o(i.HAL_GPIO_TogglePin)
    HAL_GPIO_WritePin                        0x080004d9   Thumb Code    10  stm32f4xx_hal_gpio.o(i.HAL_GPIO_WritePin)
    HAL_GetTick                              0x080004e5   Thumb Code     6  stm32f4xx_hal.o(i.HAL_GetTick)
    HAL_Init                                 0x080004f1   Thumb Code    48  stm32f4xx_hal.o(i.HAL_Init)
    HAL_InitTick                             0x08000525   Thumb Code    34  stm32f4xx_hal.o(i.HAL_InitTick)
    HAL_MspInit                              0x0800054d   Thumb Code     2  stm32f4xx_hal.o(i.HAL_MspInit)
    HAL_NVIC_SetPriority                     0x08000551   Thumb Code    60  stm32f4xx_hal_cortex.o(i.HAL_NVIC_SetPriority)
    HAL_NVIC_SetPriorityGrouping             0x08000591   Thumb Code    26  stm32f4xx_hal_cortex.o(i.HAL_NVIC_SetPriorityGrouping)
    HAL_RCC_ClockConfig                      0x080005b5   Thumb Code   364  stm32f4xx_hal_rcc.o(i.HAL_RCC_ClockConfig)
    HAL_RCC_GetPCLK1Freq                     0x08000731   Thumb Code    34  stm32f4xx_hal_rcc.o(i.HAL_RCC_GetPCLK1Freq)
    HAL_RCC_GetPCLK2Freq                     0x08000761   Thumb Code    34  stm32f4xx_hal_rcc.o(i.HAL_RCC_GetPCLK2Freq)
    HAL_RCC_GetSysClockFreq                  0x08000791   Thumb Code   104  stm32f4xx_hal_rcc.o(i.HAL_RCC_GetSysClockFreq)
    HAL_RCC_OscConfig                        0x08000801   Thumb Code   770  stm32f4xx_hal_rcc.o(i.HAL_RCC_OscConfig)
    HAL_SYSTICK_Config                       0x08000b15   Thumb Code    40  stm32f4xx_hal_cortex.o(i.HAL_SYSTICK_Config)
    HAL_UART_Init                            0x08000b3d   Thumb Code    98  stm32f4xx_hal_uart.o(i.HAL_UART_Init)
    HAL_UART_MspInit                         0x08000ba1   Thumb Code   104  stm32f4xx_hal_msp.o(i.HAL_UART_MspInit)
    HAL_UART_Transmit                        0x08000c11   Thumb Code   186  stm32f4xx_hal_uart.o(i.HAL_UART_Transmit)
    HardFault_Handler                        0x08000ccb   Thumb Code     2  stm32f4xx_it.o(i.HardFault_Handler)
    MemManage_Handler                        0x08000ccd   Thumb Code     2  stm32f4xx_it.o(i.MemManage_Handler)
    NMI_Handler                              0x08000ccf   Thumb Code     2  stm32f4xx_it.o(i.NMI_Handler)
    SysTick_Handler                          0x08000cf1   Thumb Code    38  port.o(i.SysTick_Handler)
    SystemInit                               0x08000d9d   Thumb Code    66  system_stm32f4xx.o(i.SystemInit)
    UsageFault_Handler                       0x08001101   Thumb Code     2  stm32f4xx_it.o(i.UsageFault_Handler)
    __0printf$3                              0x08001105   Thumb Code    22  printf3.o(i.__0printf$3)
    __1printf$3                              0x08001105   Thumb Code     0  printf3.o(i.__0printf$3)
    __2printf                                0x08001105   Thumb Code     0  printf3.o(i.__0printf$3)
    __scatterload_copy                       0x08001125   Thumb Code    14  handlers.o(i.__scatterload_copy)
    __scatterload_null                       0x08001133   Thumb Code     2  handlers.o(i.__scatterload_null)
    __scatterload_zeroinit                   0x08001135   Thumb Code    14  handlers.o(i.__scatterload_zeroinit)
    fputc                                    0x080012fd   Thumb Code    20  main.o(i.fputc)
    main                                     0x08001315   Thumb Code   116  main.o(i.main)
    pvPortMalloc                             0x08001b75   Thumb Code   214  heap_4.o(i.pvPortMalloc)
    pvTaskIncrementMutexHeldCount            0x08001c91   Thumb Code    18  tasks.o(i.pvTaskIncrementMutexHeldCount)
    pxPortInitialiseStack                    0x08001ca9   Thumb Code    40  port.o(i.pxPortInitialiseStack)
    start_task                               0x08001cd5   Thumb Code    58  main.o(i.start_task)
    task1_task                               0x08001d35   Thumb Code    54  main.o(i.task1_task)
    task2_task                               0x08001d9d   Thumb Code    36  main.o(i.task2_task)
    uxListRemove                             0x08001dd9   Thumb Code    36  list.o(i.uxListRemove)
    vListInitialise                          0x08001dfd   Thumb Code    22  list.o(i.vListInitialise)
    vListInitialiseItem                      0x08001e13   Thumb Code     6  list.o(i.vListInitialiseItem)
    vListInsert                              0x08001e19   Thumb Code    48  list.o(i.vListInsert)
    vListInsertEnd                           0x08001e49   Thumb Code    24  list.o(i.vListInsertEnd)
    vPortEnterCritical                       0x08001e61   Thumb Code    50  port.o(i.vPortEnterCritical)
    vPortExitCritical                        0x08001ee1   Thumb Code    34  port.o(i.vPortExitCritical)
    vPortFree                                0x08001f4d   Thumb Code    94  heap_4.o(i.vPortFree)
    vPortSetupTimerInterrupt                 0x08001ff1   Thumb Code    26  port.o(i.vPortSetupTimerInterrupt)
    vPortValidateInterruptPriority           0x08002011   Thumb Code    70  port.o(i.vPortValidateInterruptPriority)
    vQueueAddToRegistry                      0x080020a5   Thumb Code    34  queue.o(i.vQueueAddToRegistry)
    vQueueWaitForMessageRestricted           0x080020cd   Thumb Code    68  queue.o(i.vQueueWaitForMessageRestricted)
    vTaskDelay                               0x08002111   Thumb Code    62  tasks.o(i.vTaskDelay)
    vTaskDelete                              0x08002185   Thumb Code   154  tasks.o(i.vTaskDelete)
    vTaskMissedYield                         0x08002259   Thumb Code     8  tasks.o(i.vTaskMissedYield)
    vTaskPlaceOnEventList                    0x08002265   Thumb Code    44  tasks.o(i.vTaskPlaceOnEventList)
    vTaskPlaceOnEventListRestricted          0x080022c1   Thumb Code    52  tasks.o(i.vTaskPlaceOnEventListRestricted)
    vTaskPriorityInherit                     0x08002325   Thumb Code   124  tasks.o(i.vTaskPriorityInherit)
    vTaskSetTimeOutState                     0x080023a9   Thumb Code    30  tasks.o(i.vTaskSetTimeOutState)
    vTaskStartScheduler                      0x080023f9   Thumb Code    96  tasks.o(i.vTaskStartScheduler)
    vTaskSuspendAll                          0x08002495   Thumb Code    10  tasks.o(i.vTaskSuspendAll)
    vTaskSwitchContext                       0x080024a5   Thumb Code    80  tasks.o(i.vTaskSwitchContext)
    xPortStartScheduler                      0x08002529   Thumb Code   190  port.o(i.xPortStartScheduler)
    xQueueGenericCreate                      0x08002641   Thumb Code    78  queue.o(i.xQueueGenericCreate)
    xQueueGenericReceive                     0x080026bd   Thumb Code   348  queue.o(i.xQueueGenericReceive)
    xQueueGenericReset                       0x08002849   Thumb Code   128  queue.o(i.xQueueGenericReset)
    xQueueGenericSend                        0x080028f9   Thumb Code   330  queue.o(i.xQueueGenericSend)
    xQueueGenericSendFromISR                 0x08002a75   Thumb Code   176  queue.o(i.xQueueGenericSendFromISR)
    xTaskCheckForTimeOut                     0x08002b51   Thumb Code    94  tasks.o(i.xTaskCheckForTimeOut)
    xTaskCreate                              0x08002be1   Thumb Code    86  tasks.o(i.xTaskCreate)
    xTaskGetSchedulerState                   0x08002c39   Thumb Code    22  tasks.o(i.xTaskGetSchedulerState)
    xTaskGetTickCount                        0x08002c55   Thumb Code     6  tasks.o(i.xTaskGetTickCount)
    xTaskIncrementTick                       0x08002c61   Thumb Code   188  tasks.o(i.xTaskIncrementTick)
    xTaskPriorityDisinherit                  0x08002d51   Thumb Code   136  tasks.o(i.xTaskPriorityDisinherit)
    xTaskRemoveFromEventList                 0x08002e0d   Thumb Code   104  tasks.o(i.xTaskRemoveFromEventList)
    xTaskResumeAll                           0x08002ea9   Thumb Code   182  tasks.o(i.xTaskResumeAll)
    xTimerCreate                             0x08002f99   Thumb Code    74  timers.o(i.xTimerCreate)
    xTimerCreateTimerTask                    0x08003011   Thumb Code    58  timers.o(i.xTimerCreateTimerTask)
    xTimerGenericCommand                     0x08003089   Thumb Code    96  timers.o(i.xTimerGenericCommand)
    BUTTON_IRQn                              0x08003118   Data           1  stm32f4xx_nucleo.o(.constdata)
    GPIO_PIN                                 0x0800311a   Data           2  stm32f4xx_nucleo.o(.constdata)
    BUTTON_PIN                               0x0800311c   Data           2  stm32f4xx_nucleo.o(.constdata)
    AHBPrescTable                            0x0800311e   Data          16  system_stm32f4xx.o(.constdata)
    APBPrescTable                            0x0800312e   Data           8  system_stm32f4xx.o(.constdata)
    Region$$Table$$Base                      0x08003138   Number         0  anon$$obj.o(Region$$Table)
    Region$$Table$$Limit                     0x08003158   Number         0  anon$$obj.o(Region$$Table)
    GPIO_PORT                                0x20000000   Data           4  stm32f4xx_nucleo.o(.data)
    BUTTON_PORT                              0x20000004   Data           4  stm32f4xx_nucleo.o(.data)
    SpixTimeout                              0x20000008   Data           4  stm32f4xx_nucleo.o(.data)
    uwTick                                   0x2000000c   Data           4  stm32f4xx_hal.o(.data)
    StartTask_Handler                        0x20000010   Data           4  main.o(.data)
    Task1Task_Handler                        0x20000014   Data           4  main.o(.data)
    Task2Task_Handler                        0x20000018   Data           4  main.o(.data)
    SystemCoreClock                          0x2000001c   Data           4  system_stm32f4xx.o(.data)
    pxCurrentTCB                             0x20000020   Data           4  tasks.o(.data)
    __stdout                                 0x20000094   Data           4  stdout.o(.data)
    UartHandle                               0x20000098   Data          64  main.o(.bss)
    xQueueRegistry                           0x200000ec   Data          64  queue.o(.bss)
    __initial_sp                             0x20013220   Data           0  startup_stm32f411xe.o(STACK)



==============================================================================

Memory Map of the image

  Image Entry point : 0x08000199

  Load Region LR_IROM1 (Base: 0x08000000, Size: 0x000031f0, Max: 0x00080000, ABSOLUTE)

    Execution Region ER_IROM1 (Base: 0x08000000, Size: 0x00003158, Max: 0x00080000, ABSOLUTE)

    Base Addr    Size         Type   Attr      Idx    E Section Name        Object

    0x08000000   0x00000198   Data   RO         2024    RESET               startup_stm32f411xe.o
    0x08000198   0x00000000   Code   RO         3170  * .ARM.Collect$$$$00000000  mc_w.l(entry.o)
    0x08000198   0x00000004   Code   RO         3440    .ARM.Collect$$$$00000001  mc_w.l(entry2.o)
    0x0800019c   0x00000004   Code   RO         3443    .ARM.Collect$$$$00000004  mc_w.l(entry5.o)
    0x080001a0   0x00000000   Code   RO         3445    .ARM.Collect$$$$00000008  mc_w.l(entry7b.o)
    0x080001a0   0x00000000   Code   RO         3447    .ARM.Collect$$$$0000000A  mc_w.l(entry8b.o)
    0x080001a0   0x00000008   Code   RO         3448    .ARM.Collect$$$$0000000B  mc_w.l(entry9a.o)
    0x080001a8   0x00000000   Code   RO         3450    .ARM.Collect$$$$0000000D  mc_w.l(entry10a.o)
    0x080001a8   0x00000000   Code   RO         3452    .ARM.Collect$$$$0000000F  mc_w.l(entry11a.o)
    0x080001a8   0x00000004   Code   RO         3441    .ARM.Collect$$$$00002712  mc_w.l(entry2.o)
    0x080001ac   0x000000b6   Code   RO         3093    .emb_text           port.o
    0x08000262   0x00000002   PAD
    0x08000264   0x00000024   Code   RO         2025    .text               startup_stm32f411xe.o
    0x08000288   0x00000024   Code   RO         3173    .text               mc_w.l(memcpya.o)
    0x080002ac   0x00000024   Code   RO         3175    .text               mc_w.l(memseta.o)
    0x080002d0   0x0000002c   Code   RO         3455    .text               mc_w.l(uidiv.o)
    0x080002fc   0x00000024   Code   RO         3470    .text               mc_w.l(init.o)
    0x08000320   0x0000001c   Code   RO           12    i.BSP_LED_On        stm32f4xx_nucleo.o
    0x0800033c   0x00000002   Code   RO         2032    i.BusFault_Handler  stm32f4xx_it.o
    0x0800033e   0x00000002   Code   RO         2033    i.DebugMon_Handler  stm32f4xx_it.o
    0x08000340   0x00000008   Code   RO         2122    i.Error_Handler     main.o
    0x08000348   0x00000188   Code   RO          967    i.HAL_GPIO_Init     stm32f4xx_hal_gpio.o
    0x080004d0   0x00000008   Code   RO          970    i.HAL_GPIO_TogglePin  stm32f4xx_hal_gpio.o
    0x080004d8   0x0000000a   Code   RO          971    i.HAL_GPIO_WritePin  stm32f4xx_hal_gpio.o
    0x080004e2   0x00000002   PAD
    0x080004e4   0x0000000c   Code   RO          295    i.HAL_GetTick       stm32f4xx_hal.o
    0x080004f0   0x00000034   Code   RO          298    i.HAL_Init          stm32f4xx_hal.o
    0x08000524   0x00000028   Code   RO          299    i.HAL_InitTick      stm32f4xx_hal.o
    0x0800054c   0x00000002   Code   RO          301    i.HAL_MspInit       stm32f4xx_hal.o
    0x0800054e   0x00000002   PAD
    0x08000550   0x00000040   Code   RO          616    i.HAL_NVIC_SetPriority  stm32f4xx_hal_cortex.o
    0x08000590   0x00000024   Code   RO          617    i.HAL_NVIC_SetPriorityGrouping  stm32f4xx_hal_cortex.o
    0x080005b4   0x0000017c   Code   RO         1031    i.HAL_RCC_ClockConfig  stm32f4xx_hal_rcc.o
    0x08000730   0x00000030   Code   RO         1038    i.HAL_RCC_GetPCLK1Freq  stm32f4xx_hal_rcc.o
    0x08000760   0x00000030   Code   RO         1039    i.HAL_RCC_GetPCLK2Freq  stm32f4xx_hal_rcc.o
    0x08000790   0x00000070   Code   RO         1040    i.HAL_RCC_GetSysClockFreq  stm32f4xx_hal_rcc.o
    0x08000800   0x00000314   Code   RO         1043    i.HAL_RCC_OscConfig  stm32f4xx_hal_rcc.o
    0x08000b14   0x00000028   Code   RO          621    i.HAL_SYSTICK_Config  stm32f4xx_hal_cortex.o
    0x08000b3c   0x00000062   Code   RO         1494    i.HAL_UART_Init     stm32f4xx_hal_uart.o
    0x08000b9e   0x00000002   PAD
    0x08000ba0   0x00000070   Code   RO         2093    i.HAL_UART_MspInit  stm32f4xx_hal_msp.o
    0x08000c10   0x000000ba   Code   RO         1502    i.HAL_UART_Transmit  stm32f4xx_hal_uart.o
    0x08000cca   0x00000002   Code   RO         2034    i.HardFault_Handler  stm32f4xx_it.o
    0x08000ccc   0x00000002   Code   RO         2035    i.MemManage_Handler  stm32f4xx_it.o
    0x08000cce   0x00000002   Code   RO         2036    i.NMI_Handler       stm32f4xx_it.o
    0x08000cd0   0x00000020   Code   RO          623    i.NVIC_SetPriority  stm32f4xx_hal_cortex.o
    0x08000cf0   0x0000002c   Code   RO         3094    i.SysTick_Handler   port.o
    0x08000d1c   0x00000080   Code   RO         2123    i.SystemClock_Config  main.o
    0x08000d9c   0x00000054   Code   RO         2215    i.SystemInit        system_stm32f4xx.o
    0x08000df0   0x000002ac   Code   RO         1520    i.UART_SetConfig    stm32f4xx_hal_uart.o
    0x0800109c   0x00000064   Code   RO         1522    i.UART_WaitOnFlagUntilTimeout  stm32f4xx_hal_uart.o
    0x08001100   0x00000002   Code   RO         2037    i.UsageFault_Handler  stm32f4xx_it.o
    0x08001102   0x00000002   PAD
    0x08001104   0x00000020   Code   RO         3268    i.__0printf$3       mc_w.l(printf3.o)
    0x08001124   0x0000000e   Code   RO         3482    i.__scatterload_copy  mc_w.l(handlers.o)
    0x08001132   0x00000002   Code   RO         3483    i.__scatterload_null  mc_w.l(handlers.o)
    0x08001134   0x0000000e   Code   RO         3484    i.__scatterload_zeroinit  mc_w.l(handlers.o)
    0x08001142   0x00000002   PAD
    0x08001144   0x000001b8   Code   RO         3275    i._printf_core      mc_w.l(printf3.o)
    0x080012fc   0x00000018   Code   RO         2124    i.fputc             main.o
    0x08001314   0x00000098   Code   RO         2125    i.main              main.o
    0x080013ac   0x00000070   Code   RO         2597    i.prvAddCurrentTaskToDelayedList  tasks.o
    0x0800141c   0x000000d0   Code   RO         2598    i.prvAddNewTaskToReadyList  tasks.o
    0x080014ec   0x00000050   Code   RO         2936    i.prvCheckForValidListAndQueue  timers.o
    0x0800153c   0x00000050   Code   RO         2599    i.prvCheckTasksWaitingTermination  tasks.o
    0x0800158c   0x00000026   Code   RO         2411    i.prvCopyDataFromQueue  queue.o
    0x080015b2   0x0000006c   Code   RO         2412    i.prvCopyDataToQueue  queue.o
    0x0800161e   0x00000014   Code   RO         2600    i.prvDeleteTCB      tasks.o
    0x08001632   0x00000002   PAD
    0x08001634   0x0000004c   Code   RO         3044    i.prvHeapInit       heap_4.o
    0x08001680   0x00000028   Code   RO         2601    i.prvIdleTask       tasks.o
    0x080016a8   0x000000c8   Code   RO         2602    i.prvInitialiseNewTask  tasks.o
    0x08001770   0x0000004c   Code   RO         3045    i.prvInsertBlockIntoFreeList  heap_4.o
    0x080017bc   0x00000038   Code   RO         2937    i.prvInsertTimerInActiveList  timers.o
    0x080017f4   0x0000001c   Code   RO         2413    i.prvIsQueueEmpty   queue.o
    0x08001810   0x00000060   Code   RO         2938    i.prvProcessExpiredTimer  timers.o
    0x08001870   0x000000e8   Code   RO         2939    i.prvProcessReceivedCommands  timers.o
    0x08001958   0x0000006c   Code   RO         2940    i.prvProcessTimerOrBlockTask  timers.o
    0x080019c4   0x00000020   Code   RO         2604    i.prvResetNextTaskUnblockTime  tasks.o
    0x080019e4   0x00000028   Code   RO         2941    i.prvSampleTimeNow  timers.o
    0x08001a0c   0x0000006c   Code   RO         2942    i.prvSwitchTimerLists  timers.o
    0x08001a78   0x0000006c   Code   RO         3095    i.prvTaskExitError  port.o
    0x08001ae4   0x00000024   Code   RO         2943    i.prvTimerTask      timers.o
    0x08001b08   0x0000006a   Code   RO         2414    i.prvUnlockQueue    queue.o
    0x08001b72   0x00000002   PAD
    0x08001b74   0x0000011c   Code   RO         3046    i.pvPortMalloc      heap_4.o
    0x08001c90   0x00000018   Code   RO         2606    i.pvTaskIncrementMutexHeldCount  tasks.o
    0x08001ca8   0x0000002c   Code   RO         3096    i.pxPortInitialiseStack  port.o
    0x08001cd4   0x00000060   Code   RO         2126    i.start_task        main.o
    0x08001d34   0x00000068   Code   RO         2127    i.task1_task        main.o
    0x08001d9c   0x0000003c   Code   RO         2128    i.task2_task        main.o
    0x08001dd8   0x00000024   Code   RO         2374    i.uxListRemove      list.o
    0x08001dfc   0x00000016   Code   RO         2375    i.vListInitialise   list.o
    0x08001e12   0x00000006   Code   RO         2376    i.vListInitialiseItem  list.o
    0x08001e18   0x00000030   Code   RO         2377    i.vListInsert       list.o
    0x08001e48   0x00000018   Code   RO         2378    i.vListInsertEnd    list.o
    0x08001e60   0x00000080   Code   RO         3098    i.vPortEnterCritical  port.o
    0x08001ee0   0x0000006c   Code   RO         3099    i.vPortExitCritical  port.o
    0x08001f4c   0x000000a4   Code   RO         3047    i.vPortFree         heap_4.o
    0x08001ff0   0x00000020   Code   RO         3100    i.vPortSetupTimerInterrupt  port.o
    0x08002010   0x00000094   Code   RO         3101    i.vPortValidateInterruptPriority  port.o
    0x080020a4   0x00000028   Code   RO         2420    i.vQueueAddToRegistry  queue.o
    0x080020cc   0x00000044   Code   RO         2424    i.vQueueWaitForMessageRestricted  queue.o
    0x08002110   0x00000074   Code   RO         2614    i.vTaskDelay        tasks.o
    0x08002184   0x000000d4   Code   RO         2616    i.vTaskDelete       tasks.o
    0x08002258   0x0000000c   Code   RO         2619    i.vTaskMissedYield  tasks.o
    0x08002264   0x0000005c   Code   RO         2621    i.vTaskPlaceOnEventList  tasks.o
    0x080022c0   0x00000064   Code   RO         2622    i.vTaskPlaceOnEventListRestricted  tasks.o
    0x08002324   0x00000084   Code   RO         2624    i.vTaskPriorityInherit  tasks.o
    0x080023a8   0x00000050   Code   RO         2628    i.vTaskSetTimeOutState  tasks.o
    0x080023f8   0x0000009c   Code   RO         2629    i.vTaskStartScheduler  tasks.o
    0x08002494   0x00000010   Code   RO         2631    i.vTaskSuspendAll   tasks.o
    0x080024a4   0x00000084   Code   RO         2632    i.vTaskSwitchContext  tasks.o
    0x08002528   0x00000118   Code   RO         3102    i.xPortStartScheduler  port.o
    0x08002640   0x0000007c   Code   RO         2427    i.xQueueGenericCreate  queue.o
    0x080026bc   0x0000018c   Code   RO         2428    i.xQueueGenericReceive  queue.o
    0x08002848   0x000000b0   Code   RO         2429    i.xQueueGenericReset  queue.o
    0x080028f8   0x0000017c   Code   RO         2430    i.xQueueGenericSend  queue.o
    0x08002a74   0x000000dc   Code   RO         2431    i.xQueueGenericSendFromISR  queue.o
    0x08002b50   0x00000090   Code   RO         2633    i.xTaskCheckForTimeOut  tasks.o
    0x08002be0   0x00000056   Code   RO         2634    i.xTaskCreate       tasks.o
    0x08002c36   0x00000002   PAD
    0x08002c38   0x0000001c   Code   RO         2638    i.xTaskGetSchedulerState  tasks.o
    0x08002c54   0x0000000c   Code   RO         2639    i.xTaskGetTickCount  tasks.o
    0x08002c60   0x000000f0   Code   RO         2641    i.xTaskIncrementTick  tasks.o
    0x08002d50   0x000000bc   Code   RO         2644    i.xTaskPriorityDisinherit  tasks.o
    0x08002e0c   0x0000009c   Code   RO         2645    i.xTaskRemoveFromEventList  tasks.o
    0x08002ea8   0x000000f0   Code   RO         2647    i.xTaskResumeAll    tasks.o
    0x08002f98   0x00000078   Code   RO         2946    i.xTimerCreate      timers.o
    0x08003010   0x00000078   Code   RO         2947    i.xTimerCreateTimerTask  timers.o
    0x08003088   0x00000090   Code   RO         2948    i.xTimerGenericCommand  timers.o
    0x08003118   0x00000006   Data   RO           32    .constdata          stm32f4xx_nucleo.o
    0x0800311e   0x00000010   Data   RO         2216    .constdata          system_stm32f4xx.o
    0x0800312e   0x00000008   Data   RO         2217    .constdata          system_stm32f4xx.o
    0x08003136   0x00000002   PAD
    0x08003138   0x00000020   Data   RO         3480    Region$$Table       anon$$obj.o


    Execution Region RW_IRAM1 (Base: 0x20000000, Size: 0x00013220, Max: 0x00020000, ABSOLUTE)

    Base Addr    Size         Type   Attr      Idx    E Section Name        Object

    0x20000000   0x0000000c   Data   RW           33    .data               stm32f4xx_nucleo.o
    0x2000000c   0x00000004   Data   RW          304    .data               stm32f4xx_hal.o
    0x20000010   0x0000000c   Data   RW         2130    .data               main.o
    0x2000001c   0x00000004   Data   RW         2218    .data               system_stm32f4xx.o
    0x20000020   0x0000003c   Data   RW         2650    .data               tasks.o
    0x2000005c   0x00000014   Data   RW         2954    .data               timers.o
    0x20000070   0x00000018   Data   RW         3052    .data               heap_4.o
    0x20000088   0x0000000c   Data   RW         3103    .data               port.o
    0x20000094   0x00000004   Data   RW         3454    .data               mc_w.l(stdout.o)
    0x20000098   0x00000054   Zero   RW         2129    .bss                main.o
    0x200000ec   0x00000040   Zero   RW         2439    .bss                queue.o
    0x2000012c   0x000000c8   Zero   RW         2649    .bss                tasks.o
    0x200001f4   0x00000028   Zero   RW         2953    .bss                timers.o
    0x2000021c   0x00012c00   Zero   RW         3051    .bss                heap_4.o
    0x20012e1c   0x00000004   PAD
    0x20012e20   0x00000400   Zero   RW         2022    STACK               startup_stm32f411xe.o


==============================================================================

Image component sizes


      Code (inc. data)   RO Data    RW Data    ZI Data      Debug   Object Name

         0          0          0          0          0      11880   event_groups.o
       600        154          0         24      76800       4115   heap_4.o
       136          0          0          0          0       3226   list.o
       572        160          0         12         84      14709   main.o
      1074        424          0         12          0      10917   port.o
      1684        242          0          0         64      15033   queue.o
        36          8        408          0       1024        804   startup_stm32f411xe.o
       106         16          0          4          0       3507   stm32f4xx_hal.o
       172         14          0          0          0      29454   stm32f4xx_hal_cortex.o
       410         34          0          0          0       2785   stm32f4xx_hal_gpio.o
       112          8          0          0          0        983   stm32f4xx_hal_msp.o
      1376         70          0          0          0       4844   stm32f4xx_hal_rcc.o
      1068          8          0          0          0       3844   stm32f4xx_hal_uart.o
        12          0          0          0          0       2725   stm32f4xx_it.o
        28         10          6         12          0     407071   stm32f4xx_nucleo.o
        84         18         24          4          0       1127   system_stm32f4xx.o
      2858        764          0         60        200      29883   tasks.o
      1140        274          0         20         40       9922   timers.o

    ----------------------------------------------------------------------
     11484       2204        472        148      78216     556829   Object Totals
         0          0         32          0          0          0   (incl. Generated)
        16          0          2          0          4          0   (incl. Padding)

    ----------------------------------------------------------------------

      Code (inc. data)   RO Data    RW Data    ZI Data      Debug   Library Member Name

         0          0          0          0          0          0   entry.o
         0          0          0          0          0          0   entry10a.o
         0          0          0          0          0          0   entry11a.o
         8          4          0          0          0          0   entry2.o
         4          0          0          0          0          0   entry5.o
         0          0          0          0          0          0   entry7b.o
         0          0          0          0          0          0   entry8b.o
         8          4          0          0          0          0   entry9a.o
        30          0          0          0          0          0   handlers.o
        36          8          0          0          0         68   init.o
        36          0          0          0          0         68   memcpya.o
        36          0          0          0          0        108   memseta.o
       472         14          0          0          0        184   printf3.o
         0          0          0          4          0          0   stdout.o
        44          0          0          0          0         80   uidiv.o

    ----------------------------------------------------------------------
       676         30          0          4          0        508   Library Totals
         2          0          0          0          0          0   (incl. Padding)

    ----------------------------------------------------------------------

      Code (inc. data)   RO Data    RW Data    ZI Data      Debug   Library Name

       674         30          0          4          0        508   mc_w.l

    ----------------------------------------------------------------------
       676         30          0          4          0        508   Library Totals

    ----------------------------------------------------------------------

==============================================================================


      Code (inc. data)   RO Data    RW Data    ZI Data      Debug   

     12160       2234        472        152      78216     547885   Grand Totals
     12160       2234        472        152      78216     547885   ELF Image Totals
     12160       2234        472        152          0          0   ROM Totals

==============================================================================

    Total RO  Size (Code + RO Data)                12632 (  12.34kB)
    Total RW  Size (RW Data + ZI Data)             78368 (  76.53kB)
    Total ROM Size (Code + RO Data + RW Data)      12784 (  12.48kB)

==============================================================================

